// Jest Snapshot v1, https://goo.gl/fbAQLP

exports[`Test account group component: activateAccount. Renders correctly '<ActivateAccount />' when content is loaded. 1`] = `
<div>
  <ActivateAccount
    content={
      Object {
        "language": "eng",
        "onError": Object {
          "button": "Retry",
          "caption": "Account Activation",
          "text1": "Could not activate your account.",
          "text2": "Please contact IT support.",
          "type": "Error",
        },
        "onProcessing": Object {
          "button": "",
          "caption": "Account Activation",
          "text1": "Processing your account..., please wait.",
          "text2": "",
          "type": "Processing",
        },
        "onSuccess": Object {
          "button": "Go to main",
          "caption": "Account Activation",
          "text1": "Your account has been successfully activated!",
          "text2": "You can now sign in.",
          "type": "Success",
        },
      }
    }
    id="dba4043c-7428-4f72-ba13-fe782c7a88fa"
    isLoading={false}
  />
</div>
`;
