// Jest Snapshot v1, https://goo.gl/fbAQLP

exports[`Test account group component: activateAccount should render correctly '<ActivateAccount />' when content is loaded. 1`] = `
<section
  class="makeStyles-section-1"
>
  <div
    class="MuiContainer-root MuiContainer-maxWidthSm"
  >
    <div
      class="MuiBox-root MuiBox-root-8"
    >
      <div
        class="MuiPaper-root MuiCard-root makeStyles-card-5 MuiPaper-elevation0 MuiPaper-rounded"
      >
        <div
          class="MuiCardContent-root makeStyles-card_content-6"
        >
          <div
            class="MuiBox-root MuiBox-root-9"
          >
            <div
              class="MuiBox-root MuiBox-root-10"
            >
              <div
                class="MuiTypography-root MuiTypography-h4 MuiTypography-gutterBottom"
              >
                Account Activation
              </div>
            </div>
            <div
              class="MuiBox-root MuiBox-root-11"
            >
              <div
                class="MuiTypography-root MuiTypography-h6 MuiTypography-colorTextSecondary"
              >
                <div>
                  Processing your account..., please wait.
                </div>
              </div>
            </div>
            <div
              class="MuiBox-root MuiBox-root-12"
            >
              <div
                class="MuiTypography-root MuiTypography-body1 MuiTypography-colorTextSecondary"
              >
                <div />
              </div>
            </div>
          </div>
        </div>
      </div>
    </div>
  </div>
</section>
`;
