// Jest Snapshot v1, https://goo.gl/fbAQLP

exports[`test account group component: userInfoView should render correctly '<UserInfoView />' when content is loaded. 1`] = `
Object {
  "asFragment": [Function],
  "baseElement": <body>
    <div>
      <section
        class="section"
        style="background-color: white;"
      >
        <div
          aria-hidden="true"
          class="MuiBackdrop-root backdrop"
          style="opacity: 0; visibility: hidden;"
        >
          <div
            class="MuiCircularProgress-root MuiCircularProgress-indeterminate"
            role="progressbar"
            style="width: 40px; height: 40px;"
          >
            <svg
              class="MuiCircularProgress-svg"
              viewBox="22 22 44 44"
            >
              <circle
                class="MuiCircularProgress-circle MuiCircularProgress-circleIndeterminate"
                cx="44"
                cy="44"
                fill="none"
                r="20.2"
                stroke-width="3.6"
              />
            </svg>
          </div>
        </div>
        <div
          class="MuiContainer-root container-wide MuiContainer-maxWidthLg"
        >
          <div
            style="padding-top: 120px; padding-bottom: 40px;"
          >
            <div
              class="MuiPaper-root MuiCard-root card MuiPaper-elevation0 MuiPaper-rounded"
            >
              <div
                class="MuiCardContent-root card-content"
              >
                <div
                  style="padding-top: 0px; padding-bottom: 0px;"
                >
                  <span
                    class="MuiTypography-root caption black MuiTypography-body1"
                  >
                    USER DETAILS
                  </span>
                </div>
                <div
                  style="margin-top: 16px; margin-bottom: 8px;"
                >
                  <hr
                    class="MuiDivider-root divider"
                  />
                </div>
                <div
                  style="padding-top: 24px; padding-bottom: 8px;"
                >
                  <div
                    class="MuiGrid-root MuiGrid-container MuiGrid-spacing-xs-2"
                  >
                    <div
                      class="MuiGrid-root MuiGrid-item MuiGrid-grid-xs-12 MuiGrid-grid-sm-3"
                    >
                      <span
                        class="MuiTypography-root label MuiTypography-body1"
                      >
                        User ID:
                      </span>
                    </div>
                    <div
                      class="MuiGrid-root MuiGrid-item MuiGrid-grid-xs-12 MuiGrid-grid-sm-9"
                    >
                      <span
                        class="MuiTypography-root user-id MuiTypography-body1"
                      >
                        123456789
                      </span>
                    </div>
                    <div
                      class="MuiGrid-root MuiGrid-item MuiGrid-grid-xs-12 MuiGrid-grid-sm-3"
                    >
                      <span
                        class="MuiTypography-root label MuiTypography-body1"
                      >
                        Status
                      </span>
                    </div>
                    <div
                      class="MuiGrid-root MuiGrid-item MuiGrid-grid-xs-12 MuiGrid-grid-sm-9"
                    >
                      <p
                        class="MuiTypography-root user-email-status MuiTypography-body1"
                      >
                        Unverified
                        <span
                          class="MuiTypography-root MuiTypography-body1"
                        >
                           (
                        </span>
                        <span
                          class="MuiTypography-root user-email-verification MuiTypography-body1"
                        >
                          request verification
                        </span>
                        <span
                          class="MuiTypography-root MuiTypography-body1"
                        >
                          )
                        </span>
                      </p>
                    </div>
                    <div
                      class="MuiGrid-root MuiGrid-item MuiGrid-grid-xs-12 MuiGrid-grid-sm-3"
                    >
                      <span
                        class="MuiTypography-root label MuiTypography-body1"
                      >
                        User alias:
                      </span>
                    </div>
                    <div
                      class="MuiGrid-root MuiGrid-item MuiGrid-grid-xs-12 MuiGrid-grid-sm-9"
                    >
                      <span
                        class="MuiTypography-root user-alias MuiTypography-body1"
                      >
                        Ester
                      </span>
                    </div>
                  </div>
                  <div
                    style="margin-top: 24px; margin-bottom: 24px;"
                  >
                    <hr
                      class="MuiDivider-root divider"
                    />
                  </div>
                  <div
                    class="MuiGrid-root MuiGrid-container MuiGrid-spacing-xs-2"
                  >
                    <div
                      class="MuiGrid-root label-centered MuiGrid-item MuiGrid-grid-xs-12 MuiGrid-grid-sm-3"
                    >
                      <span
                        class="MuiTypography-root label MuiTypography-body1"
                      >
                        Avatar:
                      </span>
                    </div>
                    <div
                      class="MuiGrid-root MuiGrid-item MuiGrid-grid-xs-12 MuiGrid-grid-sm-9"
                    >
                      <label
                        for="UserFile-Avatar"
                      >
                        <input
                          accept=""
                          hidden=""
                          id="UserFile-Avatar"
                          name="UserFile-Avatar"
                          type="file"
                        />
                        <span
                          aria-disabled="false"
                          class="MuiButtonBase-root MuiIconButton-root button-upload MuiIconButton-sizeSmall"
                          role="button"
                          tabindex="0"
                        >
                          <span
                            class="MuiIconButton-label"
                          >
                            <div
                              class="MuiAvatar-root MuiAvatar-circular user-avatar-avatar-small user-avatar-avatar-button"
                            >
                              <img
                                alt="Avatar"
                                class="MuiAvatar-img"
                                src="http://localhost:5000/api/v1/users/123456789/getUserImage?blobName="
                              />
                            </div>
                          </span>
                          <span
                            class="MuiTouchRipple-root"
                          />
                        </span>
                      </label>
                    </div>
                  </div>
                  <div
                    style="margin-top: 24px; margin-bottom: 32px;"
                  >
                    <hr
                      class="MuiDivider-root divider"
                    />
                  </div>
                  <div
                    class="MuiGrid-root MuiGrid-container MuiGrid-spacing-xs-2"
                  >
                    <div
                      class="MuiGrid-root label-centered MuiGrid-item MuiGrid-grid-xs-12 MuiGrid-grid-sm-3"
                    >
                      <span
                        class="MuiTypography-root label MuiTypography-body1"
                      >
                        First name:
                      </span>
                    </div>
                    <div
                      class="MuiGrid-root MuiGrid-item MuiGrid-grid-xs-12 MuiGrid-grid-sm-9"
                    >
                      <div
                        class="MuiFormControl-root MuiTextField-root MuiFormControl-fullWidth"
                      >
                        <div
                          class="MuiInputBase-root MuiOutlinedInput-root MuiInputBase-fullWidth MuiInputBase-formControl"
                        >
                          <input
                            aria-invalid="false"
                            class="MuiInputBase-input MuiOutlinedInput-input"
                            id="firstName"
                            name="firstName"
                            required=""
                            type="text"
                            value="Ester"
                          />
                          <fieldset
                            aria-hidden="true"
                            class="PrivateNotchedOutline-root-1 MuiOutlinedInput-notchedOutline"
                            style="padding-left: 8px;"
                          >
                            <legend
                              class="PrivateNotchedOutline-legend-2"
                              style="width: 0.01px;"
                            >
                              <span>
                                ​
                              </span>
                            </legend>
                          </fieldset>
                        </div>
                      </div>
                    </div>
                    <div
                      class="MuiGrid-root label-centered MuiGrid-item MuiGrid-grid-xs-12 MuiGrid-grid-sm-3"
                    >
                      <span
                        class="MuiTypography-root label MuiTypography-body1"
                      >
                        last name:
                      </span>
                    </div>
                    <div
                      class="MuiGrid-root MuiGrid-item MuiGrid-grid-xs-12 MuiGrid-grid-sm-9"
                    >
                      <div
                        class="MuiFormControl-root MuiTextField-root MuiFormControl-fullWidth"
                      >
                        <div
                          class="MuiInputBase-root MuiOutlinedInput-root MuiInputBase-fullWidth MuiInputBase-formControl"
                        >
                          <input
                            aria-invalid="false"
                            class="MuiInputBase-input MuiOutlinedInput-input"
                            id="lastName"
                            name="lastName"
                            required=""
                            type="text"
                            value="Exposito"
                          />
                          <fieldset
                            aria-hidden="true"
                            class="PrivateNotchedOutline-root-5 MuiOutlinedInput-notchedOutline"
                            style="padding-left: 8px;"
                          >
                            <legend
                              class="PrivateNotchedOutline-legend-6"
                              style="width: 0.01px;"
                            >
                              <span>
                                ​
                              </span>
                            </legend>
                          </fieldset>
                        </div>
                      </div>
                    </div>
                    <div
                      class="MuiGrid-root label-centered MuiGrid-item MuiGrid-grid-xs-12 MuiGrid-grid-sm-3"
                    >
                      <span
                        class="MuiTypography-root label MuiTypography-body1"
                      >
                        Email:
                      </span>
                    </div>
                    <div
                      class="MuiGrid-root MuiGrid-item MuiGrid-grid-xs-12 MuiGrid-grid-sm-9"
                    >
                      <div
                        class="MuiFormControl-root MuiTextField-root MuiFormControl-fullWidth"
                      >
                        <div
                          class="MuiInputBase-root MuiOutlinedInput-root MuiInputBase-fullWidth MuiInputBase-formControl"
                        >
                          <input
                            aria-invalid="false"
                            class="MuiInputBase-input MuiOutlinedInput-input"
                            id="email"
                            name="email"
                            required=""
                            type="text"
                            value="ester.exposito@gmail.com"
                          />
                          <fieldset
                            aria-hidden="true"
                            class="PrivateNotchedOutline-root-9 MuiOutlinedInput-notchedOutline"
                            style="padding-left: 8px;"
                          >
                            <legend
                              class="PrivateNotchedOutline-legend-10"
                              style="width: 0.01px;"
                            >
                              <span>
                                ​
                              </span>
                            </legend>
                          </fieldset>
                        </div>
                      </div>
                    </div>
                    <div
                      class="MuiGrid-root label-centered MuiGrid-item MuiGrid-grid-xs-12 MuiGrid-grid-sm-3"
                    >
                      <span
                        class="MuiTypography-root label MuiTypography-body1"
                      >
                        Bio:
                      </span>
                    </div>
                    <div
                      class="MuiGrid-root MuiGrid-item MuiGrid-grid-xs-12 MuiGrid-grid-sm-9"
                    >
                      <div
                        class="MuiFormControl-root MuiTextField-root MuiFormControl-fullWidth"
                      >
                        <div
                          class="MuiInputBase-root MuiOutlinedInput-root MuiInputBase-fullWidth MuiInputBase-formControl"
                        >
                          <input
                            aria-invalid="false"
                            class="MuiInputBase-input MuiOutlinedInput-input"
                            id="userAboutText"
                            name="userAboutText"
                            required=""
                            type="text"
                            value="Spanish Developer"
                          />
                          <fieldset
                            aria-hidden="true"
                            class="PrivateNotchedOutline-root-13 MuiOutlinedInput-notchedOutline"
                            style="padding-left: 8px;"
                          >
                            <legend
                              class="PrivateNotchedOutline-legend-14"
                              style="width: 0.01px;"
                            >
                              <span>
                                ​
                              </span>
                            </legend>
                          </fieldset>
                        </div>
                      </div>
                    </div>
                  </div>
                  <div
                    style="margin-top: 40px; margin-bottom: 16px;"
                  >
                    <hr
                      class="MuiDivider-root divider"
                    />
                  </div>
                  <div
                    class="MuiGrid-root button-container-update"
                  >
                    <div
                      style="margin-top: 16px; margin-bottom: 16px;"
                    >
                      <button
                        class="MuiButtonBase-root MuiButton-root MuiButton-contained button-update MuiButton-fullWidth"
                        tabindex="0"
                        type="submit"
                      >
                        <span
                          class="MuiButton-label"
                        >
                          Update
                        </span>
                      </button>
                    </div>
                  </div>
                </div>
              </div>
            </div>
          </div>
        </div>
      </section>
    </div>
  </body>,
  "container": <div>
    <section
      class="section"
      style="background-color: white;"
    >
      <div
        aria-hidden="true"
        class="MuiBackdrop-root backdrop"
        style="opacity: 0; visibility: hidden;"
      >
        <div
          class="MuiCircularProgress-root MuiCircularProgress-indeterminate"
          role="progressbar"
          style="width: 40px; height: 40px;"
        >
          <svg
            class="MuiCircularProgress-svg"
            viewBox="22 22 44 44"
          >
            <circle
              class="MuiCircularProgress-circle MuiCircularProgress-circleIndeterminate"
              cx="44"
              cy="44"
              fill="none"
              r="20.2"
              stroke-width="3.6"
            />
          </svg>
        </div>
      </div>
      <div
        class="MuiContainer-root container-wide MuiContainer-maxWidthLg"
      >
        <div
          style="padding-top: 120px; padding-bottom: 40px;"
        >
          <div
            class="MuiPaper-root MuiCard-root card MuiPaper-elevation0 MuiPaper-rounded"
          >
            <div
              class="MuiCardContent-root card-content"
            >
              <div
                style="padding-top: 0px; padding-bottom: 0px;"
              >
                <span
                  class="MuiTypography-root caption black MuiTypography-body1"
                >
                  USER DETAILS
                </span>
              </div>
              <div
                style="margin-top: 16px; margin-bottom: 8px;"
              >
                <hr
                  class="MuiDivider-root divider"
                />
              </div>
              <div
                style="padding-top: 24px; padding-bottom: 8px;"
              >
                <div
                  class="MuiGrid-root MuiGrid-container MuiGrid-spacing-xs-2"
                >
                  <div
                    class="MuiGrid-root MuiGrid-item MuiGrid-grid-xs-12 MuiGrid-grid-sm-3"
                  >
                    <span
                      class="MuiTypography-root label MuiTypography-body1"
                    >
                      User ID:
                    </span>
                  </div>
                  <div
                    class="MuiGrid-root MuiGrid-item MuiGrid-grid-xs-12 MuiGrid-grid-sm-9"
                  >
                    <span
                      class="MuiTypography-root user-id MuiTypography-body1"
                    >
                      123456789
                    </span>
                  </div>
                  <div
                    class="MuiGrid-root MuiGrid-item MuiGrid-grid-xs-12 MuiGrid-grid-sm-3"
                  >
                    <span
                      class="MuiTypography-root label MuiTypography-body1"
                    >
                      Status
                    </span>
                  </div>
                  <div
                    class="MuiGrid-root MuiGrid-item MuiGrid-grid-xs-12 MuiGrid-grid-sm-9"
                  >
                    <p
                      class="MuiTypography-root user-email-status MuiTypography-body1"
                    >
                      Unverified
                      <span
                        class="MuiTypography-root MuiTypography-body1"
                      >
                         (
                      </span>
                      <span
                        class="MuiTypography-root user-email-verification MuiTypography-body1"
                      >
                        request verification
                      </span>
                      <span
                        class="MuiTypography-root MuiTypography-body1"
                      >
                        )
                      </span>
                    </p>
                  </div>
                  <div
                    class="MuiGrid-root MuiGrid-item MuiGrid-grid-xs-12 MuiGrid-grid-sm-3"
                  >
                    <span
                      class="MuiTypography-root label MuiTypography-body1"
                    >
                      User alias:
                    </span>
                  </div>
                  <div
                    class="MuiGrid-root MuiGrid-item MuiGrid-grid-xs-12 MuiGrid-grid-sm-9"
                  >
                    <span
                      class="MuiTypography-root user-alias MuiTypography-body1"
                    >
                      Ester
                    </span>
                  </div>
                </div>
                <div
                  style="margin-top: 24px; margin-bottom: 24px;"
                >
                  <hr
                    class="MuiDivider-root divider"
                  />
                </div>
                <div
                  class="MuiGrid-root MuiGrid-container MuiGrid-spacing-xs-2"
                >
                  <div
                    class="MuiGrid-root label-centered MuiGrid-item MuiGrid-grid-xs-12 MuiGrid-grid-sm-3"
                  >
                    <span
                      class="MuiTypography-root label MuiTypography-body1"
                    >
                      Avatar:
                    </span>
                  </div>
                  <div
                    class="MuiGrid-root MuiGrid-item MuiGrid-grid-xs-12 MuiGrid-grid-sm-9"
                  >
                    <label
                      for="UserFile-Avatar"
                    >
                      <input
                        accept=""
                        hidden=""
                        id="UserFile-Avatar"
                        name="UserFile-Avatar"
                        type="file"
                      />
                      <span
                        aria-disabled="false"
                        class="MuiButtonBase-root MuiIconButton-root button-upload MuiIconButton-sizeSmall"
                        role="button"
                        tabindex="0"
                      >
                        <span
                          class="MuiIconButton-label"
                        >
                          <div
                            class="MuiAvatar-root MuiAvatar-circular user-avatar-avatar-small user-avatar-avatar-button"
                          >
                            <img
                              alt="Avatar"
                              class="MuiAvatar-img"
                              src="http://localhost:5000/api/v1/users/123456789/getUserImage?blobName="
                            />
                          </div>
                        </span>
                        <span
                          class="MuiTouchRipple-root"
                        />
                      </span>
                    </label>
                  </div>
                </div>
                <div
                  style="margin-top: 24px; margin-bottom: 32px;"
                >
                  <hr
                    class="MuiDivider-root divider"
                  />
                </div>
                <div
                  class="MuiGrid-root MuiGrid-container MuiGrid-spacing-xs-2"
                >
                  <div
                    class="MuiGrid-root label-centered MuiGrid-item MuiGrid-grid-xs-12 MuiGrid-grid-sm-3"
                  >
                    <span
                      class="MuiTypography-root label MuiTypography-body1"
                    >
                      First name:
                    </span>
                  </div>
                  <div
                    class="MuiGrid-root MuiGrid-item MuiGrid-grid-xs-12 MuiGrid-grid-sm-9"
                  >
                    <div
                      class="MuiFormControl-root MuiTextField-root MuiFormControl-fullWidth"
                    >
                      <div
                        class="MuiInputBase-root MuiOutlinedInput-root MuiInputBase-fullWidth MuiInputBase-formControl"
                      >
                        <input
                          aria-invalid="false"
                          class="MuiInputBase-input MuiOutlinedInput-input"
                          id="firstName"
                          name="firstName"
                          required=""
                          type="text"
                          value="Ester"
                        />
                        <fieldset
                          aria-hidden="true"
                          class="PrivateNotchedOutline-root-1 MuiOutlinedInput-notchedOutline"
                          style="padding-left: 8px;"
                        >
                          <legend
                            class="PrivateNotchedOutline-legend-2"
                            style="width: 0.01px;"
                          >
                            <span>
                              ​
                            </span>
                          </legend>
                        </fieldset>
                      </div>
                    </div>
                  </div>
                  <div
                    class="MuiGrid-root label-centered MuiGrid-item MuiGrid-grid-xs-12 MuiGrid-grid-sm-3"
                  >
                    <span
                      class="MuiTypography-root label MuiTypography-body1"
                    >
                      last name:
                    </span>
                  </div>
                  <div
                    class="MuiGrid-root MuiGrid-item MuiGrid-grid-xs-12 MuiGrid-grid-sm-9"
                  >
                    <div
                      class="MuiFormControl-root MuiTextField-root MuiFormControl-fullWidth"
                    >
                      <div
                        class="MuiInputBase-root MuiOutlinedInput-root MuiInputBase-fullWidth MuiInputBase-formControl"
                      >
                        <input
                          aria-invalid="false"
                          class="MuiInputBase-input MuiOutlinedInput-input"
                          id="lastName"
                          name="lastName"
                          required=""
                          type="text"
                          value="Exposito"
                        />
                        <fieldset
                          aria-hidden="true"
                          class="PrivateNotchedOutline-root-5 MuiOutlinedInput-notchedOutline"
                          style="padding-left: 8px;"
                        >
                          <legend
                            class="PrivateNotchedOutline-legend-6"
                            style="width: 0.01px;"
                          >
                            <span>
                              ​
                            </span>
                          </legend>
                        </fieldset>
                      </div>
                    </div>
                  </div>
                  <div
                    class="MuiGrid-root label-centered MuiGrid-item MuiGrid-grid-xs-12 MuiGrid-grid-sm-3"
                  >
                    <span
                      class="MuiTypography-root label MuiTypography-body1"
                    >
                      Email:
                    </span>
                  </div>
                  <div
                    class="MuiGrid-root MuiGrid-item MuiGrid-grid-xs-12 MuiGrid-grid-sm-9"
                  >
                    <div
                      class="MuiFormControl-root MuiTextField-root MuiFormControl-fullWidth"
                    >
                      <div
                        class="MuiInputBase-root MuiOutlinedInput-root MuiInputBase-fullWidth MuiInputBase-formControl"
                      >
                        <input
                          aria-invalid="false"
                          class="MuiInputBase-input MuiOutlinedInput-input"
                          id="email"
                          name="email"
                          required=""
                          type="text"
                          value="ester.exposito@gmail.com"
                        />
                        <fieldset
                          aria-hidden="true"
                          class="PrivateNotchedOutline-root-9 MuiOutlinedInput-notchedOutline"
                          style="padding-left: 8px;"
                        >
                          <legend
                            class="PrivateNotchedOutline-legend-10"
                            style="width: 0.01px;"
                          >
                            <span>
                              ​
                            </span>
                          </legend>
                        </fieldset>
                      </div>
                    </div>
                  </div>
                  <div
                    class="MuiGrid-root label-centered MuiGrid-item MuiGrid-grid-xs-12 MuiGrid-grid-sm-3"
                  >
                    <span
                      class="MuiTypography-root label MuiTypography-body1"
                    >
                      Bio:
                    </span>
                  </div>
                  <div
                    class="MuiGrid-root MuiGrid-item MuiGrid-grid-xs-12 MuiGrid-grid-sm-9"
                  >
                    <div
                      class="MuiFormControl-root MuiTextField-root MuiFormControl-fullWidth"
                    >
                      <div
                        class="MuiInputBase-root MuiOutlinedInput-root MuiInputBase-fullWidth MuiInputBase-formControl"
                      >
                        <input
                          aria-invalid="false"
                          class="MuiInputBase-input MuiOutlinedInput-input"
                          id="userAboutText"
                          name="userAboutText"
                          required=""
                          type="text"
                          value="Spanish Developer"
                        />
                        <fieldset
                          aria-hidden="true"
                          class="PrivateNotchedOutline-root-13 MuiOutlinedInput-notchedOutline"
                          style="padding-left: 8px;"
                        >
                          <legend
                            class="PrivateNotchedOutline-legend-14"
                            style="width: 0.01px;"
                          >
                            <span>
                              ​
                            </span>
                          </legend>
                        </fieldset>
                      </div>
                    </div>
                  </div>
                </div>
                <div
                  style="margin-top: 40px; margin-bottom: 16px;"
                >
                  <hr
                    class="MuiDivider-root divider"
                  />
                </div>
                <div
                  class="MuiGrid-root button-container-update"
                >
                  <div
                    style="margin-top: 16px; margin-bottom: 16px;"
                  >
                    <button
                      class="MuiButtonBase-root MuiButton-root MuiButton-contained button-update MuiButton-fullWidth"
                      tabindex="0"
                      type="submit"
                    >
                      <span
                        class="MuiButton-label"
                      >
                        Update
                      </span>
                    </button>
                  </div>
                </div>
              </div>
            </div>
          </div>
        </div>
      </div>
    </section>
  </div>,
  "debug": [Function],
  "findAllByAltText": [Function],
  "findAllByDisplayValue": [Function],
  "findAllByLabelText": [Function],
  "findAllByPlaceholderText": [Function],
  "findAllByRole": [Function],
  "findAllByTestId": [Function],
  "findAllByText": [Function],
  "findAllByTitle": [Function],
  "findByAltText": [Function],
  "findByDisplayValue": [Function],
  "findByLabelText": [Function],
  "findByPlaceholderText": [Function],
  "findByRole": [Function],
  "findByTestId": [Function],
  "findByText": [Function],
  "findByTitle": [Function],
  "getAllByAltText": [Function],
  "getAllByDisplayValue": [Function],
  "getAllByLabelText": [Function],
  "getAllByPlaceholderText": [Function],
  "getAllByRole": [Function],
  "getAllByTestId": [Function],
  "getAllByText": [Function],
  "getAllByTitle": [Function],
  "getByAltText": [Function],
  "getByDisplayValue": [Function],
  "getByLabelText": [Function],
  "getByPlaceholderText": [Function],
  "getByRole": [Function],
  "getByTestId": [Function],
  "getByText": [Function],
  "getByTitle": [Function],
  "queryAllByAltText": [Function],
  "queryAllByDisplayValue": [Function],
  "queryAllByLabelText": [Function],
  "queryAllByPlaceholderText": [Function],
  "queryAllByRole": [Function],
  "queryAllByTestId": [Function],
  "queryAllByText": [Function],
  "queryAllByTitle": [Function],
  "queryByAltText": [Function],
  "queryByDisplayValue": [Function],
  "queryByLabelText": [Function],
  "queryByPlaceholderText": [Function],
  "queryByRole": [Function],
  "queryByTestId": [Function],
  "queryByText": [Function],
  "queryByTitle": [Function],
  "rerender": [Function],
  "unmount": [Function],
}
`;
