// Jest Snapshot v1, https://goo.gl/fbAQLP

exports[`Test account group component: userSigninView. Renders correctly '<UserSigninView />' when content is loaded. 1`] = `
<section
  className="makeStyles-section-1"
>
  <WithStyles(ForwardRef(Container))
    maxWidth="sm"
  >
    <Styled(MuiBox)
      pb={10}
      pt={18}
    >
      <WithStyles(ForwardRef(Card))
        className="makeStyles-card-6"
        elevation={0}
      >
        <WithStyles(ForwardRef(CardContent))
          className="makeStyles-card_content-7"
        >
          <Styled(MuiBox)
            mb={3}
            textAlign="center"
          >
            <Memo(ForwardRef(AccountCircleIcon))
              className="makeStyles-account-4"
            />
            <WithStyles(ForwardRef(Typography))
              className="makeStyles-caption-5"
            >
              Sign in
            </WithStyles(ForwardRef(Typography))>
          </Styled(MuiBox)>
          <Styled(MuiBox)>
            <WithStyles(ForwardRef(Grid))
              container={true}
              spacing={2}
            >
              <WithStyles(ForwardRef(Grid))
                item={true}
                xs={12}
              >
                <WithStyles(ForwardRef(TextField))
                  autoComplete="email"
                  fullWidth={true}
                  id="email"
                  label="Email address"
                  name="email"
                  onChange={[MockFunction]}
                  onKeyUp={[MockFunction]}
                  required={true}
                  value="ester.exposito@gmail.com"
                  variant="outlined"
                />
              </WithStyles(ForwardRef(Grid))>
              <WithStyles(ForwardRef(Grid))
                item={true}
                xs={12}
              >
                <WithStyles(ForwardRef(TextField))
                  autoComplete="current-password"
                  fullWidth={true}
                  id="password"
                  label="Password"
                  name="password"
                  onChange={[MockFunction]}
                  onKeyUp={[MockFunction]}
                  required={true}
                  type="password"
                  value="madrilena123"
                  variant="outlined"
                />
              </WithStyles(ForwardRef(Grid))>
            </WithStyles(ForwardRef(Grid))>
            <Styled(MuiBox)
              my={2}
            >
              <ActiveButton
                button="Sign in"
                buttonHandler={[MockFunction]}
                caption="Sign in"
                email="ester.exposito@gmail.com"
                formHandler={[MockFunction]}
                isLoading={false}
                keyHandler={[MockFunction]}
                labelEmail="Email address"
                labelPassword="Password"
                link1="Don't have an account?"
                link2="Forgot password?"
                password="madrilena123"
                progress={false}
              />
            </Styled(MuiBox)>
            <WithStyles(ForwardRef(Grid))
              className="makeStyles-actions-3"
              container={true}
              spacing={2}
            >
              <WithStyles(ForwardRef(Grid))
                item={true}
                sm={6}
                xs={12}
              >
                <RedirectTo
                  name="Don't have an account?"
                  path="/signup"
                />
              </WithStyles(ForwardRef(Grid))>
              <WithStyles(ForwardRef(Grid))
                className="makeStyles-tertiaryAction-2"
                item={true}
                sm={6}
                xs={12}
              >
                <RedirectTo
                  name="Forgot password?"
                  path="/resetpassword"
                />
              </WithStyles(ForwardRef(Grid))>
            </WithStyles(ForwardRef(Grid))>
          </Styled(MuiBox)>
        </WithStyles(ForwardRef(CardContent))>
      </WithStyles(ForwardRef(Card))>
    </Styled(MuiBox)>
  </WithStyles(ForwardRef(Container))>
</section>
`;
