// Jest Snapshot v1, https://goo.gl/fbAQLP

exports[`test component: testimonials should render correctly '<Testimonials />' when content is loaded. 1`] = `
Object {
  "asFragment": [Function],
  "baseElement": <body>
    <div>
      <section
        class="section "
      >
        <div
          class="MuiContainer-root container-super-wide MuiContainer-maxWidthLg"
        >
          <div
            class="text-centre pt-64 pb-120"
          >
            <div
              data-aos="fade-down"
              data-aos-delay="0"
            >
              <h1
                class="testimonials-caption-text"
              >
                TESTIMONIALS
              </h1>
            </div>
          </div>
          <div
            class="text-centre pb-120"
          >
            <div
              class="MuiGrid-root MuiGrid-container MuiGrid-spacing-xs-6"
            >
              <div
                class="MuiGrid-root testimonials-card-holder MuiGrid-item MuiGrid-grid-xs-12 MuiGrid-grid-md-4"
              >
                <div
                  data-aos="fade-up"
                  data-aos-delay="350"
                >
                  <div
                    class="MuiPaper-root MuiCard-root testimonials-card MuiPaper-elevation0 MuiPaper-rounded"
                  >
                    <img
                      alt="Testimonail photo 1 of 3"
                      class="MuiCardMedia-root testimonials-card-image MuiCardMedia-media MuiCardMedia-img"
                      src="http://localhost:5000/api/v1/content/assets/getNonVideoAsset?blobName=images/sections/testimonials/joanna.webp"
                    />
                    <div
                      class="MuiCardContent-root testimonials-card-content"
                    >
                      <p
                        class="MuiTypography-root testimonials-card-title MuiTypography-body1"
                      >
                        Joanna
                      </p>
                      <p
                        class="MuiTypography-root testimonials-card-subheader MuiTypography-body1"
                      >
                        Senior Digital Tax Specialist
                      </p>
                      <div
                        class="MuiCollapse-root"
                        style="min-height: 120px;"
                      >
                        <div
                          class="MuiCollapse-wrapper"
                        >
                          <div
                            class="MuiCollapse-wrapperInner"
                          >
                            <p
                              class="MuiTypography-root testimonials-card-text MuiTypography-body1"
                            >
                              Joe is very motivated...
                            </p>
                          </div>
                        </div>
                      </div>
                      <button
                        aria-expanded="false"
                        aria-label="show more"
                        class="MuiButtonBase-root MuiIconButton-root testimonials-expand"
                        tabindex="0"
                        type="button"
                      >
                        <span
                          class="MuiIconButton-label"
                        >
                          <svg
                            aria-hidden="true"
                            class="MuiSvgIcon-root"
                            focusable="false"
                            viewBox="0 0 24 24"
                          >
                            <path
                              d="M16.59 8.59L12 13.17 7.41 8.59 6 10l6 6 6-6z"
                            />
                          </svg>
                        </span>
                        <span
                          class="MuiTouchRipple-root"
                        />
                      </button>
                    </div>
                  </div>
                </div>
              </div>
              <div
                class="MuiGrid-root testimonials-card-holder MuiGrid-item MuiGrid-grid-xs-12 MuiGrid-grid-md-4"
              >
                <div
                  data-aos="fade-up"
                  data-aos-delay="150"
                >
                  <div
                    class="MuiPaper-root MuiCard-root testimonials-card MuiPaper-elevation3 MuiPaper-rounded"
                  >
                    <img
                      alt="Testimonail photo 2 of 3"
                      class="MuiCardMedia-root testimonials-card-image MuiCardMedia-media MuiCardMedia-img"
                      src="http://localhost:5000/api/v1/content/assets/getNonVideoAsset?blobName=images/sections/testimonials/adama.webp"
                    />
                    <div
                      class="MuiCardContent-root testimonials-card-content"
                    >
                      <p
                        class="MuiTypography-root testimonials-card-title MuiTypography-body1"
                      >
                        Adama
                      </p>
                      <p
                        class="MuiTypography-root testimonials-card-subheader MuiTypography-body1"
                      >
                        Full-stack Developer chez DFDS POLSKA
                      </p>
                      <div
                        class="MuiCollapse-root"
                        style="min-height: 120px;"
                      >
                        <div
                          class="MuiCollapse-wrapper"
                        >
                          <div
                            class="MuiCollapse-wrapperInner"
                          >
                            <p
                              class="MuiTypography-root testimonials-card-text MuiTypography-body1"
                            >
                              Joe have done very good work...
                            </p>
                          </div>
                        </div>
                      </div>
                      <button
                        aria-expanded="false"
                        aria-label="show more"
                        class="MuiButtonBase-root MuiIconButton-root testimonials-expand"
                        tabindex="0"
                        type="button"
                      >
                        <span
                          class="MuiIconButton-label"
                        >
                          <svg
                            aria-hidden="true"
                            class="MuiSvgIcon-root"
                            focusable="false"
                            viewBox="0 0 24 24"
                          >
                            <path
                              d="M16.59 8.59L12 13.17 7.41 8.59 6 10l6 6 6-6z"
                            />
                          </svg>
                        </span>
                      </button>
                    </div>
                  </div>
                </div>
              </div>
              <div
                class="MuiGrid-root testimonials-card-holder MuiGrid-item MuiGrid-grid-xs-12 MuiGrid-grid-md-4"
              >
                <div
                  data-aos="fade-up"
                  data-aos-delay="250"
                >
                  <div
                    class="MuiPaper-root MuiCard-root testimonials-card MuiPaper-elevation3 MuiPaper-rounded"
                  >
                    <img
                      alt="Testimonail photo 3 of 3"
                      class="MuiCardMedia-root testimonials-card-image MuiCardMedia-media MuiCardMedia-img"
                      src="http://localhost:5000/api/v1/content/assets/getNonVideoAsset?blobName=images/sections/testimonials/scott.webp"
                    />
                    <div
                      class="MuiCardContent-root testimonials-card-content"
                    >
                      <p
                        class="MuiTypography-root testimonials-card-title MuiTypography-body1"
                      >
                        Scott
                      </p>
                      <p
                        class="MuiTypography-root testimonials-card-subheader MuiTypography-body1"
                      >
                        BPO
                      </p>
                      <div
                        class="MuiCollapse-root"
                        style="min-height: 120px;"
                      >
                        <div
                          class="MuiCollapse-wrapper"
                        >
                          <div
                            class="MuiCollapse-wrapperInner"
                          >
                            <p
                              class="MuiTypography-root testimonials-card-text MuiTypography-body1"
                            >
                              Joe is one of those rare talents...
                            </p>
                          </div>
                        </div>
                      </div>
                      <button
                        aria-expanded="false"
                        aria-label="show more"
                        class="MuiButtonBase-root MuiIconButton-root testimonials-expand"
                        tabindex="0"
                        type="button"
                      >
                        <span
                          class="MuiIconButton-label"
                        >
                          <svg
                            aria-hidden="true"
                            class="MuiSvgIcon-root"
                            focusable="false"
                            viewBox="0 0 24 24"
                          >
                            <path
                              d="M16.59 8.59L12 13.17 7.41 8.59 6 10l6 6 6-6z"
                            />
                          </svg>
                        </span>
                      </button>
                    </div>
                  </div>
                </div>
              </div>
            </div>
          </div>
        </div>
      </section>
    </div>
  </body>,
  "container": <div>
    <section
      class="section "
    >
      <div
        class="MuiContainer-root container-super-wide MuiContainer-maxWidthLg"
      >
        <div
          class="text-centre pt-64 pb-120"
        >
          <div
            data-aos="fade-down"
            data-aos-delay="0"
          >
            <h1
              class="testimonials-caption-text"
            >
              TESTIMONIALS
            </h1>
          </div>
        </div>
        <div
          class="text-centre pb-120"
        >
          <div
            class="MuiGrid-root MuiGrid-container MuiGrid-spacing-xs-6"
          >
            <div
              class="MuiGrid-root testimonials-card-holder MuiGrid-item MuiGrid-grid-xs-12 MuiGrid-grid-md-4"
            >
              <div
                data-aos="fade-up"
                data-aos-delay="350"
              >
                <div
                  class="MuiPaper-root MuiCard-root testimonials-card MuiPaper-elevation0 MuiPaper-rounded"
                >
                  <img
                    alt="Testimonail photo 1 of 3"
                    class="MuiCardMedia-root testimonials-card-image MuiCardMedia-media MuiCardMedia-img"
                    src="http://localhost:5000/api/v1/content/assets/getNonVideoAsset?blobName=images/sections/testimonials/joanna.webp"
                  />
                  <div
                    class="MuiCardContent-root testimonials-card-content"
                  >
                    <p
                      class="MuiTypography-root testimonials-card-title MuiTypography-body1"
                    >
                      Joanna
                    </p>
                    <p
                      class="MuiTypography-root testimonials-card-subheader MuiTypography-body1"
                    >
                      Senior Digital Tax Specialist
                    </p>
                    <div
                      class="MuiCollapse-root"
                      style="min-height: 120px;"
                    >
                      <div
                        class="MuiCollapse-wrapper"
                      >
                        <div
                          class="MuiCollapse-wrapperInner"
                        >
                          <p
                            class="MuiTypography-root testimonials-card-text MuiTypography-body1"
                          >
                            Joe is very motivated...
                          </p>
                        </div>
                      </div>
                    </div>
                    <button
                      aria-expanded="false"
                      aria-label="show more"
                      class="MuiButtonBase-root MuiIconButton-root testimonials-expand"
                      tabindex="0"
                      type="button"
                    >
                      <span
                        class="MuiIconButton-label"
                      >
                        <svg
                          aria-hidden="true"
                          class="MuiSvgIcon-root"
                          focusable="false"
                          viewBox="0 0 24 24"
                        >
                          <path
                            d="M16.59 8.59L12 13.17 7.41 8.59 6 10l6 6 6-6z"
                          />
                        </svg>
                      </span>
                      <span
                        class="MuiTouchRipple-root"
                      />
                    </button>
                  </div>
                </div>
              </div>
            </div>
            <div
              class="MuiGrid-root testimonials-card-holder MuiGrid-item MuiGrid-grid-xs-12 MuiGrid-grid-md-4"
            >
              <div
                data-aos="fade-up"
                data-aos-delay="150"
              >
                <div
                  class="MuiPaper-root MuiCard-root testimonials-card MuiPaper-elevation3 MuiPaper-rounded"
                >
                  <img
                    alt="Testimonail photo 2 of 3"
                    class="MuiCardMedia-root testimonials-card-image MuiCardMedia-media MuiCardMedia-img"
                    src="http://localhost:5000/api/v1/content/assets/getNonVideoAsset?blobName=images/sections/testimonials/adama.webp"
                  />
                  <div
                    class="MuiCardContent-root testimonials-card-content"
                  >
                    <p
                      class="MuiTypography-root testimonials-card-title MuiTypography-body1"
                    >
                      Adama
                    </p>
                    <p
                      class="MuiTypography-root testimonials-card-subheader MuiTypography-body1"
                    >
                      Full-stack Developer chez DFDS POLSKA
                    </p>
                    <div
                      class="MuiCollapse-root"
                      style="min-height: 120px;"
                    >
                      <div
                        class="MuiCollapse-wrapper"
                      >
                        <div
                          class="MuiCollapse-wrapperInner"
                        >
                          <p
                            class="MuiTypography-root testimonials-card-text MuiTypography-body1"
                          >
                            Joe have done very good work...
                          </p>
                        </div>
                      </div>
                    </div>
                    <button
                      aria-expanded="false"
                      aria-label="show more"
                      class="MuiButtonBase-root MuiIconButton-root testimonials-expand"
                      tabindex="0"
                      type="button"
                    >
                      <span
                        class="MuiIconButton-label"
                      >
                        <svg
                          aria-hidden="true"
                          class="MuiSvgIcon-root"
                          focusable="false"
                          viewBox="0 0 24 24"
                        >
                          <path
                            d="M16.59 8.59L12 13.17 7.41 8.59 6 10l6 6 6-6z"
                          />
                        </svg>
                      </span>
                    </button>
                  </div>
                </div>
              </div>
            </div>
            <div
              class="MuiGrid-root testimonials-card-holder MuiGrid-item MuiGrid-grid-xs-12 MuiGrid-grid-md-4"
            >
              <div
                data-aos="fade-up"
                data-aos-delay="250"
              >
                <div
                  class="MuiPaper-root MuiCard-root testimonials-card MuiPaper-elevation3 MuiPaper-rounded"
                >
                  <img
                    alt="Testimonail photo 3 of 3"
                    class="MuiCardMedia-root testimonials-card-image MuiCardMedia-media MuiCardMedia-img"
                    src="http://localhost:5000/api/v1/content/assets/getNonVideoAsset?blobName=images/sections/testimonials/scott.webp"
                  />
                  <div
                    class="MuiCardContent-root testimonials-card-content"
                  >
                    <p
                      class="MuiTypography-root testimonials-card-title MuiTypography-body1"
                    >
                      Scott
                    </p>
                    <p
                      class="MuiTypography-root testimonials-card-subheader MuiTypography-body1"
                    >
                      BPO
                    </p>
                    <div
                      class="MuiCollapse-root"
                      style="min-height: 120px;"
                    >
                      <div
                        class="MuiCollapse-wrapper"
                      >
                        <div
                          class="MuiCollapse-wrapperInner"
                        >
                          <p
                            class="MuiTypography-root testimonials-card-text MuiTypography-body1"
                          >
                            Joe is one of those rare talents...
                          </p>
                        </div>
                      </div>
                    </div>
                    <button
                      aria-expanded="false"
                      aria-label="show more"
                      class="MuiButtonBase-root MuiIconButton-root testimonials-expand"
                      tabindex="0"
                      type="button"
                    >
                      <span
                        class="MuiIconButton-label"
                      >
                        <svg
                          aria-hidden="true"
                          class="MuiSvgIcon-root"
                          focusable="false"
                          viewBox="0 0 24 24"
                        >
                          <path
                            d="M16.59 8.59L12 13.17 7.41 8.59 6 10l6 6 6-6z"
                          />
                        </svg>
                      </span>
                    </button>
                  </div>
                </div>
              </div>
            </div>
          </div>
        </div>
      </div>
    </section>
  </div>,
  "debug": [Function],
  "findAllByAltText": [Function],
  "findAllByDisplayValue": [Function],
  "findAllByLabelText": [Function],
  "findAllByPlaceholderText": [Function],
  "findAllByRole": [Function],
  "findAllByTestId": [Function],
  "findAllByText": [Function],
  "findAllByTitle": [Function],
  "findByAltText": [Function],
  "findByDisplayValue": [Function],
  "findByLabelText": [Function],
  "findByPlaceholderText": [Function],
  "findByRole": [Function],
  "findByTestId": [Function],
  "findByText": [Function],
  "findByTitle": [Function],
  "getAllByAltText": [Function],
  "getAllByDisplayValue": [Function],
  "getAllByLabelText": [Function],
  "getAllByPlaceholderText": [Function],
  "getAllByRole": [Function],
  "getAllByTestId": [Function],
  "getAllByText": [Function],
  "getAllByTitle": [Function],
  "getByAltText": [Function],
  "getByDisplayValue": [Function],
  "getByLabelText": [Function],
  "getByPlaceholderText": [Function],
  "getByRole": [Function],
  "getByTestId": [Function],
  "getByText": [Function],
  "getByTitle": [Function],
  "queryAllByAltText": [Function],
  "queryAllByDisplayValue": [Function],
  "queryAllByLabelText": [Function],
  "queryAllByPlaceholderText": [Function],
  "queryAllByRole": [Function],
  "queryAllByTestId": [Function],
  "queryAllByText": [Function],
  "queryAllByTitle": [Function],
  "queryByAltText": [Function],
  "queryByDisplayValue": [Function],
  "queryByLabelText": [Function],
  "queryByPlaceholderText": [Function],
  "queryByRole": [Function],
  "queryByTestId": [Function],
  "queryByText": [Function],
  "queryByTitle": [Function],
  "rerender": [Function],
  "unmount": [Function],
}
`;
