// Jest Snapshot v1, https://goo.gl/fbAQLP

exports[`Test articles group component: ArticleFeaturesView. Renders correctly '<ArticleFeaturesView />' when content is loaded. 1`] = `
<section
  className="makeStyles-section-1"
>
  <WithStyles(ForwardRef(Container))
    maxWidth="lg"
  >
    <Styled(MuiBox)
      pb={12}
      pt={8}
    >
      <Styled(MuiBox)
        data-aos="fade-down"
        mb={6}
        textAlign="center"
      >
        <WithStyles(ForwardRef(Typography))
          className="makeStyles-title-5"
        >
          ARTICLES
        </WithStyles(ForwardRef(Typography))>
      </Styled(MuiBox)>
      <WithStyles(ForwardRef(Container))
        maxWidth="lg"
      >
        <div
          data-aos="fade-up"
        >
          <WithStyles(ForwardRef(Grid))
            container={true}
          >
            <WithStyles(ForwardRef(Grid))
              className="makeStyles-content-9"
              item={true}
              lg={6}
              xs={12}
            >
              <WithStyles(ForwardRef(Card))
                className="makeStyles-card-2"
                elevation={0}
              >
                <WithStyles(ForwardRef(CardContent))
                  className="makeStyles-card_content-3"
                >
                  <Styled(MuiBox)
                    display="flex"
                    flexDirection="column"
                    height="100%"
                    pt={2}
                    px={2}
                  >
                    <WithStyles(ForwardRef(Typography))
                      className="makeStyles-text1-6"
                    >
                      .NET Core, Azure, databases and others.
                    </WithStyles(ForwardRef(Typography))>
                    <Styled(MuiBox)
                      mb={2}
                      mt="auto"
                    >
                      <WithStyles(ForwardRef(Typography))
                        className="makeStyles-text2-7"
                      >
                        Let's dive into Microsoft technology...
                      </WithStyles(ForwardRef(Typography))>
                    </Styled(MuiBox)>
                    <Styled(MuiBox)
                      textAlign="right"
                    >
                      <ActiveButton />
                    </Styled(MuiBox)>
                  </Styled(MuiBox)>
                </WithStyles(ForwardRef(CardContent))>
              </WithStyles(ForwardRef(Card))>
            </WithStyles(ForwardRef(Grid))>
            <WithStyles(ForwardRef(Grid))
              item={true}
              lg={6}
              xs={12}
            >
              <WithStyles(ForwardRef(Grid))
                container={true}
                spacing={2}
              >
                <WithStyles(ForwardRef(Grid))
                  item={true}
                  md={8}
                  xs={12}
                >
                  <WithStyles(ForwardRef(Card))
                    className="makeStyles-card_image-4"
                    elevation={0}
                  >
                    <WithStyles(ForwardRef(CardMedia))
                      className="makeStyles-media-8"
                      image="http://localhost:5000/api/v1/assets/getAsset/?BlobName=images/sections/articles/image1.jpg"
                    />
                  </WithStyles(ForwardRef(Card))>
                </WithStyles(ForwardRef(Grid))>
                <WithStyles(ForwardRef(Grid))
                  item={true}
                  md={4}
                  xs={12}
                >
                  <WithStyles(ForwardRef(Card))
                    className="makeStyles-card_image-4"
                    elevation={0}
                  >
                    <WithStyles(ForwardRef(CardMedia))
                      className="makeStyles-media-8"
                      image="http://localhost:5000/api/v1/assets/getAsset/?BlobName=images/sections/articles/image2.jpg"
                    />
                  </WithStyles(ForwardRef(Card))>
                </WithStyles(ForwardRef(Grid))>
                <WithStyles(ForwardRef(Grid))
                  item={true}
                  md={4}
                  xs={12}
                >
                  <WithStyles(ForwardRef(Card))
                    className="makeStyles-card_image-4"
                    elevation={0}
                  >
                    <WithStyles(ForwardRef(CardMedia))
                      className="makeStyles-media-8"
                      image="http://localhost:5000/api/v1/assets/getAsset/?BlobName=images/sections/articles/image3.jpg"
                    />
                  </WithStyles(ForwardRef(Card))>
                </WithStyles(ForwardRef(Grid))>
                <WithStyles(ForwardRef(Grid))
                  item={true}
                  md={8}
                  xs={12}
                >
                  <WithStyles(ForwardRef(Card))
                    className="makeStyles-card_image-4"
                    elevation={0}
                  >
                    <WithStyles(ForwardRef(CardMedia))
                      className="makeStyles-media-8"
                      image="http://localhost:5000/api/v1/assets/getAsset/?BlobName=images/sections/articles/image4.jpg"
                    />
                  </WithStyles(ForwardRef(Card))>
                </WithStyles(ForwardRef(Grid))>
              </WithStyles(ForwardRef(Grid))>
            </WithStyles(ForwardRef(Grid))>
          </WithStyles(ForwardRef(Grid))>
        </div>
      </WithStyles(ForwardRef(Container))>
    </Styled(MuiBox)>
  </WithStyles(ForwardRef(Container))>
</section>
`;
