// Jest Snapshot v1, https://goo.gl/fbAQLP

exports[`test articles group component: ArticleCardView should render correctly '<ArticleCardView />' when content is loaded. 1`] = `
Object {
  "asFragment": [Function],
  "baseElement": <body>
    <div>
      <div>
        <div
          class="MuiPaper-root MuiCard-root article-card MuiPaper-elevation0 MuiPaper-rounded"
        >
          <div
            class="MuiCardMedia-root article-card-image"
            style="background-image: url(/images/card.jpg);"
          />
          <div
            class="MuiCardContent-root article-card-content"
          >
            <p
              class="MuiTypography-root article-card-title MuiTypography-body1"
            >
              Article title
            </p>
            <p
              class="MuiTypography-root article-card-description MuiTypography-body1"
            >
              Article short description
            </p>
            <div
              class="article-card-action-container article-card-action-large"
            >
              <div
                class="MuiCardActions-root article-card-action MuiCardActions-spacing"
              >
                <div
                  class="article-card-details"
                >
                  <svg
                    aria-hidden="true"
                    class="MuiSvgIcon-root article-card-item-icon"
                    focusable="false"
                    viewBox="0 0 24 24"
                  >
                    <path
                      d="M12 4.5C7 4.5 2.73 7.61 1 12c1.73 4.39 6 7.5 11 7.5s9.27-3.11 11-7.5c-1.73-4.39-6-7.5-11-7.5zM12 17c-2.76 0-5-2.24-5-5s2.24-5 5-5 5 2.24 5 5-2.24 5-5 5zm0-8c-1.66 0-3 1.34-3 3s1.34 3 3 3 3-1.34 3-3-1.34-3-3-3z"
                    />
                  </svg>
                  <div
                    class="article-card-item-value"
                  >
                    1.000
                  </div>
                  <div
                    class="article-card-details-separator"
                  />
                  <svg
                    aria-hidden="true"
                    class="MuiSvgIcon-root article-card-item-icon"
                    focusable="false"
                    viewBox="0 0 24 24"
                  >
                    <path
                      d="M1 21h4V9H1v12zm22-11c0-1.1-.9-2-2-2h-6.31l.95-4.57.03-.32c0-.41-.17-.79-.44-1.06L14.17 1 7.59 7.59C7.22 7.95 7 8.45 7 9v10c0 1.1.9 2 2 2h9c.83 0 1.54-.5 1.84-1.22l3.02-7.05c.09-.23.14-.47.14-.73v-2z"
                    />
                  </svg>
                  <div
                    class="article-card-item-value"
                  >
                    1.951
                  </div>
                  <div
                    class="article-card-details-separator"
                  />
                  <svg
                    aria-hidden="true"
                    class="MuiSvgIcon-root article-card-item-icon"
                    focusable="false"
                    viewBox="0 0 24 24"
                  >
                    <path
                      d="M11.99 2C6.47 2 2 6.48 2 12s4.47 10 9.99 10C17.52 22 22 17.52 22 12S17.52 2 11.99 2zm6.93 6h-2.95c-.32-1.25-.78-2.45-1.38-3.56 1.84.63 3.37 1.91 4.33 3.56zM12 4.04c.83 1.2 1.48 2.53 1.91 3.96h-3.82c.43-1.43 1.08-2.76 1.91-3.96zM4.26 14C4.1 13.36 4 12.69 4 12s.1-1.36.26-2h3.38c-.08.66-.14 1.32-.14 2 0 .68.06 1.34.14 2H4.26zm.82 2h2.95c.32 1.25.78 2.45 1.38 3.56-1.84-.63-3.37-1.9-4.33-3.56zm2.95-8H5.08c.96-1.66 2.49-2.93 4.33-3.56C8.81 5.55 8.35 6.75 8.03 8zM12 19.96c-.83-1.2-1.48-2.53-1.91-3.96h3.82c-.43 1.43-1.08 2.76-1.91 3.96zM14.34 14H9.66c-.09-.66-.16-1.32-.16-2 0-.68.07-1.35.16-2h4.68c.09.65.16 1.32.16 2 0 .68-.07 1.34-.16 2zm.25 5.56c.6-1.11 1.06-2.31 1.38-3.56h2.95c-.96 1.65-2.49 2.93-4.33 3.56zM16.36 14c.08-.66.14-1.32.14-2 0-.68-.06-1.34-.14-2h3.38c.16.64.26 1.31.26 2s-.1 1.36-.26 2h-3.38z"
                    />
                  </svg>
                  <div
                    class="article-card-details-separator"
                  />
                  <img
                    alt="image of eng.png"
                    class="article-flag-image"
                    src="http://localhost:5000/api/v1/content/assets/getNonVideoAsset?blobName=images/flags/eng.png"
                  />
                </div>
                <div
                  class="article-card-button-holder"
                >
                  <button
                    class="MuiButtonBase-root MuiButton-root MuiButton-text button article-button MuiButton-textSizeSmall MuiButton-sizeSmall"
                    tabindex="0"
                    type="button"
                  >
                    <span
                      class="MuiButton-label"
                    >
                      READ
                    </span>
                    <span
                      class="MuiTouchRipple-root"
                    />
                  </button>
                </div>
              </div>
            </div>
          </div>
        </div>
      </div>
    </div>
  </body>,
  "container": <div>
    <div>
      <div
        class="MuiPaper-root MuiCard-root article-card MuiPaper-elevation0 MuiPaper-rounded"
      >
        <div
          class="MuiCardMedia-root article-card-image"
          style="background-image: url(/images/card.jpg);"
        />
        <div
          class="MuiCardContent-root article-card-content"
        >
          <p
            class="MuiTypography-root article-card-title MuiTypography-body1"
          >
            Article title
          </p>
          <p
            class="MuiTypography-root article-card-description MuiTypography-body1"
          >
            Article short description
          </p>
          <div
            class="article-card-action-container article-card-action-large"
          >
            <div
              class="MuiCardActions-root article-card-action MuiCardActions-spacing"
            >
              <div
                class="article-card-details"
              >
                <svg
                  aria-hidden="true"
                  class="MuiSvgIcon-root article-card-item-icon"
                  focusable="false"
                  viewBox="0 0 24 24"
                >
                  <path
                    d="M12 4.5C7 4.5 2.73 7.61 1 12c1.73 4.39 6 7.5 11 7.5s9.27-3.11 11-7.5c-1.73-4.39-6-7.5-11-7.5zM12 17c-2.76 0-5-2.24-5-5s2.24-5 5-5 5 2.24 5 5-2.24 5-5 5zm0-8c-1.66 0-3 1.34-3 3s1.34 3 3 3 3-1.34 3-3-1.34-3-3-3z"
                  />
                </svg>
                <div
                  class="article-card-item-value"
                >
                  1.000
                </div>
                <div
                  class="article-card-details-separator"
                />
                <svg
                  aria-hidden="true"
                  class="MuiSvgIcon-root article-card-item-icon"
                  focusable="false"
                  viewBox="0 0 24 24"
                >
                  <path
                    d="M1 21h4V9H1v12zm22-11c0-1.1-.9-2-2-2h-6.31l.95-4.57.03-.32c0-.41-.17-.79-.44-1.06L14.17 1 7.59 7.59C7.22 7.95 7 8.45 7 9v10c0 1.1.9 2 2 2h9c.83 0 1.54-.5 1.84-1.22l3.02-7.05c.09-.23.14-.47.14-.73v-2z"
                  />
                </svg>
                <div
                  class="article-card-item-value"
                >
                  1.951
                </div>
                <div
                  class="article-card-details-separator"
                />
                <svg
                  aria-hidden="true"
                  class="MuiSvgIcon-root article-card-item-icon"
                  focusable="false"
                  viewBox="0 0 24 24"
                >
                  <path
                    d="M11.99 2C6.47 2 2 6.48 2 12s4.47 10 9.99 10C17.52 22 22 17.52 22 12S17.52 2 11.99 2zm6.93 6h-2.95c-.32-1.25-.78-2.45-1.38-3.56 1.84.63 3.37 1.91 4.33 3.56zM12 4.04c.83 1.2 1.48 2.53 1.91 3.96h-3.82c.43-1.43 1.08-2.76 1.91-3.96zM4.26 14C4.1 13.36 4 12.69 4 12s.1-1.36.26-2h3.38c-.08.66-.14 1.32-.14 2 0 .68.06 1.34.14 2H4.26zm.82 2h2.95c.32 1.25.78 2.45 1.38 3.56-1.84-.63-3.37-1.9-4.33-3.56zm2.95-8H5.08c.96-1.66 2.49-2.93 4.33-3.56C8.81 5.55 8.35 6.75 8.03 8zM12 19.96c-.83-1.2-1.48-2.53-1.91-3.96h3.82c-.43 1.43-1.08 2.76-1.91 3.96zM14.34 14H9.66c-.09-.66-.16-1.32-.16-2 0-.68.07-1.35.16-2h4.68c.09.65.16 1.32.16 2 0 .68-.07 1.34-.16 2zm.25 5.56c.6-1.11 1.06-2.31 1.38-3.56h2.95c-.96 1.65-2.49 2.93-4.33 3.56zM16.36 14c.08-.66.14-1.32.14-2 0-.68-.06-1.34-.14-2h3.38c.16.64.26 1.31.26 2s-.1 1.36-.26 2h-3.38z"
                  />
                </svg>
                <div
                  class="article-card-details-separator"
                />
                <img
                  alt="image of eng.png"
                  class="article-flag-image"
                  src="http://localhost:5000/api/v1/content/assets/getNonVideoAsset?blobName=images/flags/eng.png"
                />
              </div>
              <div
                class="article-card-button-holder"
              >
                <button
                  class="MuiButtonBase-root MuiButton-root MuiButton-text button article-button MuiButton-textSizeSmall MuiButton-sizeSmall"
                  tabindex="0"
                  type="button"
                >
                  <span
                    class="MuiButton-label"
                  >
                    READ
                  </span>
                  <span
                    class="MuiTouchRipple-root"
                  />
                </button>
              </div>
            </div>
          </div>
        </div>
      </div>
    </div>
  </div>,
  "debug": [Function],
  "findAllByAltText": [Function],
  "findAllByDisplayValue": [Function],
  "findAllByLabelText": [Function],
  "findAllByPlaceholderText": [Function],
  "findAllByRole": [Function],
  "findAllByTestId": [Function],
  "findAllByText": [Function],
  "findAllByTitle": [Function],
  "findByAltText": [Function],
  "findByDisplayValue": [Function],
  "findByLabelText": [Function],
  "findByPlaceholderText": [Function],
  "findByRole": [Function],
  "findByTestId": [Function],
  "findByText": [Function],
  "findByTitle": [Function],
  "getAllByAltText": [Function],
  "getAllByDisplayValue": [Function],
  "getAllByLabelText": [Function],
  "getAllByPlaceholderText": [Function],
  "getAllByRole": [Function],
  "getAllByTestId": [Function],
  "getAllByText": [Function],
  "getAllByTitle": [Function],
  "getByAltText": [Function],
  "getByDisplayValue": [Function],
  "getByLabelText": [Function],
  "getByPlaceholderText": [Function],
  "getByRole": [Function],
  "getByTestId": [Function],
  "getByText": [Function],
  "getByTitle": [Function],
  "queryAllByAltText": [Function],
  "queryAllByDisplayValue": [Function],
  "queryAllByLabelText": [Function],
  "queryAllByPlaceholderText": [Function],
  "queryAllByRole": [Function],
  "queryAllByTestId": [Function],
  "queryAllByText": [Function],
  "queryAllByTitle": [Function],
  "queryByAltText": [Function],
  "queryByDisplayValue": [Function],
  "queryByLabelText": [Function],
  "queryByPlaceholderText": [Function],
  "queryByRole": [Function],
  "queryByTestId": [Function],
  "queryByText": [Function],
  "queryByTitle": [Function],
  "rerender": [Function],
  "unmount": [Function],
}
`;
