// Jest Snapshot v1, https://goo.gl/fbAQLP

exports[`test account group component: userSignoutView should render correctly '<UserSignoutView />' when content is loaded. 1`] = `
Object {
  "asFragment": [Function],
  "baseElement": <body>
    <div>
      <section
        class="makeStyles-section-1"
        style="background-color: white;"
      >
        <div
          class="MuiContainer-root MuiContainer-maxWidthSm"
        >
          <div
            class="MuiBox-root MuiBox-root-9"
          >
            <div
              class="MuiPaper-root MuiCard-root makeStyles-card-5 MuiPaper-elevation0 MuiPaper-rounded"
            >
              <div
                class="MuiCardContent-root makeStyles-card_content-6"
              >
                <div
                  class="MuiBox-root MuiBox-root-10"
                >
                  <svg
                    aria-hidden="true"
                    class="MuiSvgIcon-root makeStyles-account-2"
                    focusable="false"
                    viewBox="0 0 24 24"
                  >
                    <path
                      d="M12 2C6.48 2 2 6.48 2 12s4.48 10 10 10 10-4.48 10-10S17.52 2 12 2zm0 3c1.66 0 3 1.34 3 3s-1.34 3-3 3-3-1.34-3-3 1.34-3 3-3zm0 14.2c-2.5 0-4.71-1.28-6-3.22.03-1.99 4-3.08 6-3.08 1.99 0 5.97 1.09 6 3.08-1.29 1.94-3.5 3.22-6 3.22z"
                    />
                  </svg>
                  <p
                    class="MuiTypography-root makeStyles-caption-3 MuiTypography-body1"
                  >
                    Sign out
                  </p>
                </div>
                <div
                  class="MuiBox-root MuiBox-root-11"
                >
                  <div
                    class="MuiGrid-root MuiGrid-container MuiGrid-spacing-xs-2"
                  >
                    <div
                      class="MuiGrid-root MuiGrid-item MuiGrid-grid-xs-12"
                    >
                      <p
                        class="MuiTypography-root makeStyles-status-4 MuiTypography-body1"
                      >
                        Signing out current user..., please wait.
                      </p>
                    </div>
                  </div>
                </div>
                <div
                  class="MuiBox-root MuiBox-root-12"
                >
                  <a
                    class="makeStyles-link-7"
                    href="/"
                  >
                    <button
                      class="MuiButtonBase-root MuiButton-root MuiButton-contained makeStyles-button-8 Mui-disabled MuiButton-fullWidth Mui-disabled"
                      disabled=""
                      tabindex="-1"
                      type="button"
                    >
                      <span
                        class="MuiButton-label"
                      >
                        Go back to main
                      </span>
                    </button>
                  </a>
                </div>
              </div>
            </div>
          </div>
        </div>
      </section>
    </div>
  </body>,
  "container": <div>
    <section
      class="makeStyles-section-1"
      style="background-color: white;"
    >
      <div
        class="MuiContainer-root MuiContainer-maxWidthSm"
      >
        <div
          class="MuiBox-root MuiBox-root-9"
        >
          <div
            class="MuiPaper-root MuiCard-root makeStyles-card-5 MuiPaper-elevation0 MuiPaper-rounded"
          >
            <div
              class="MuiCardContent-root makeStyles-card_content-6"
            >
              <div
                class="MuiBox-root MuiBox-root-10"
              >
                <svg
                  aria-hidden="true"
                  class="MuiSvgIcon-root makeStyles-account-2"
                  focusable="false"
                  viewBox="0 0 24 24"
                >
                  <path
                    d="M12 2C6.48 2 2 6.48 2 12s4.48 10 10 10 10-4.48 10-10S17.52 2 12 2zm0 3c1.66 0 3 1.34 3 3s-1.34 3-3 3-3-1.34-3-3 1.34-3 3-3zm0 14.2c-2.5 0-4.71-1.28-6-3.22.03-1.99 4-3.08 6-3.08 1.99 0 5.97 1.09 6 3.08-1.29 1.94-3.5 3.22-6 3.22z"
                  />
                </svg>
                <p
                  class="MuiTypography-root makeStyles-caption-3 MuiTypography-body1"
                >
                  Sign out
                </p>
              </div>
              <div
                class="MuiBox-root MuiBox-root-11"
              >
                <div
                  class="MuiGrid-root MuiGrid-container MuiGrid-spacing-xs-2"
                >
                  <div
                    class="MuiGrid-root MuiGrid-item MuiGrid-grid-xs-12"
                  >
                    <p
                      class="MuiTypography-root makeStyles-status-4 MuiTypography-body1"
                    >
                      Signing out current user..., please wait.
                    </p>
                  </div>
                </div>
              </div>
              <div
                class="MuiBox-root MuiBox-root-12"
              >
                <a
                  class="makeStyles-link-7"
                  href="/"
                >
                  <button
                    class="MuiButtonBase-root MuiButton-root MuiButton-contained makeStyles-button-8 Mui-disabled MuiButton-fullWidth Mui-disabled"
                    disabled=""
                    tabindex="-1"
                    type="button"
                  >
                    <span
                      class="MuiButton-label"
                    >
                      Go back to main
                    </span>
                  </button>
                </a>
              </div>
            </div>
          </div>
        </div>
      </div>
    </section>
  </div>,
  "debug": [Function],
  "findAllByAltText": [Function],
  "findAllByDisplayValue": [Function],
  "findAllByLabelText": [Function],
  "findAllByPlaceholderText": [Function],
  "findAllByRole": [Function],
  "findAllByTestId": [Function],
  "findAllByText": [Function],
  "findAllByTitle": [Function],
  "findByAltText": [Function],
  "findByDisplayValue": [Function],
  "findByLabelText": [Function],
  "findByPlaceholderText": [Function],
  "findByRole": [Function],
  "findByTestId": [Function],
  "findByText": [Function],
  "findByTitle": [Function],
  "getAllByAltText": [Function],
  "getAllByDisplayValue": [Function],
  "getAllByLabelText": [Function],
  "getAllByPlaceholderText": [Function],
  "getAllByRole": [Function],
  "getAllByTestId": [Function],
  "getAllByText": [Function],
  "getAllByTitle": [Function],
  "getByAltText": [Function],
  "getByDisplayValue": [Function],
  "getByLabelText": [Function],
  "getByPlaceholderText": [Function],
  "getByRole": [Function],
  "getByTestId": [Function],
  "getByText": [Function],
  "getByTitle": [Function],
  "queryAllByAltText": [Function],
  "queryAllByDisplayValue": [Function],
  "queryAllByLabelText": [Function],
  "queryAllByPlaceholderText": [Function],
  "queryAllByRole": [Function],
  "queryAllByTestId": [Function],
  "queryAllByText": [Function],
  "queryAllByTitle": [Function],
  "queryByAltText": [Function],
  "queryByDisplayValue": [Function],
  "queryByLabelText": [Function],
  "queryByPlaceholderText": [Function],
  "queryByRole": [Function],
  "queryByTestId": [Function],
  "queryByText": [Function],
  "queryByTitle": [Function],
  "rerender": [Function],
  "unmount": [Function],
}
`;
