// Jest Snapshot v1, https://goo.gl/fbAQLP

exports[`test account group component: userSignoutView should render correctly '<UserSignoutView />' when content is loaded. 1`] = `
Object {
  "asFragment": [Function],
  "baseElement": <body>
    <div>
      <section
        class="mt-5"
      >
        <div
          class="bulma-container bulma-is-max-tablet"
        >
          <div
            class="py-6"
          >
            <div
              class="bulma-card "
            >
              <div
                class="bulma-card-content"
              >
                <div
                  class="custom-card-icon-background is-flex is-justify-content-center is-align-items-center my-6"
                >
                  <div
                    class="custom-card-icon-holder is-flex is-justify-content-center is-align-items-center"
                  >
                    <div>
                      <svg
                        class="is-flex is-align-self-center custom-card-icon has-text-success"
                        role="presentation"
                        style="width: 4.5rem; height: 4.5rem;"
                        viewBox="0 0 24 24"
                      >
                        <path
                          d="M21,7L9,19L3.5,13.5L4.91,12.09L9,16.17L19.59,5.59L21,7Z"
                          style="fill: currentColor;"
                        />
                      </svg>
                    </div>
                  </div>
                </div>
                <h2
                  class="bulma-title has-text-centered"
                >
                  Sign out
                </h2>
                <div
                  class="my-5"
                >
                  <p
                    class="is-size-6 has-text-centered line-height-20"
                  >
                    Signing out current user..., please wait.
                  </p>
                </div>
                <div
                  class="mb-4"
                />
              </div>
            </div>
          </div>
        </div>
      </section>
    </div>
  </body>,
  "container": <div>
    <section
      class="mt-5"
    >
      <div
        class="bulma-container bulma-is-max-tablet"
      >
        <div
          class="py-6"
        >
          <div
            class="bulma-card "
          >
            <div
              class="bulma-card-content"
            >
              <div
                class="custom-card-icon-background is-flex is-justify-content-center is-align-items-center my-6"
              >
                <div
                  class="custom-card-icon-holder is-flex is-justify-content-center is-align-items-center"
                >
                  <div>
                    <svg
                      class="is-flex is-align-self-center custom-card-icon has-text-success"
                      role="presentation"
                      style="width: 4.5rem; height: 4.5rem;"
                      viewBox="0 0 24 24"
                    >
                      <path
                        d="M21,7L9,19L3.5,13.5L4.91,12.09L9,16.17L19.59,5.59L21,7Z"
                        style="fill: currentColor;"
                      />
                    </svg>
                  </div>
                </div>
              </div>
              <h2
                class="bulma-title has-text-centered"
              >
                Sign out
              </h2>
              <div
                class="my-5"
              >
                <p
                  class="is-size-6 has-text-centered line-height-20"
                >
                  Signing out current user..., please wait.
                </p>
              </div>
              <div
                class="mb-4"
              />
            </div>
          </div>
        </div>
      </div>
    </section>
  </div>,
  "debug": [Function],
  "findAllByAltText": [Function],
  "findAllByDisplayValue": [Function],
  "findAllByLabelText": [Function],
  "findAllByPlaceholderText": [Function],
  "findAllByRole": [Function],
  "findAllByTestId": [Function],
  "findAllByText": [Function],
  "findAllByTitle": [Function],
  "findByAltText": [Function],
  "findByDisplayValue": [Function],
  "findByLabelText": [Function],
  "findByPlaceholderText": [Function],
  "findByRole": [Function],
  "findByTestId": [Function],
  "findByText": [Function],
  "findByTitle": [Function],
  "getAllByAltText": [Function],
  "getAllByDisplayValue": [Function],
  "getAllByLabelText": [Function],
  "getAllByPlaceholderText": [Function],
  "getAllByRole": [Function],
  "getAllByTestId": [Function],
  "getAllByText": [Function],
  "getAllByTitle": [Function],
  "getByAltText": [Function],
  "getByDisplayValue": [Function],
  "getByLabelText": [Function],
  "getByPlaceholderText": [Function],
  "getByRole": [Function],
  "getByTestId": [Function],
  "getByText": [Function],
  "getByTitle": [Function],
  "queryAllByAltText": [Function],
  "queryAllByDisplayValue": [Function],
  "queryAllByLabelText": [Function],
  "queryAllByPlaceholderText": [Function],
  "queryAllByRole": [Function],
  "queryAllByTestId": [Function],
  "queryAllByText": [Function],
  "queryAllByTitle": [Function],
  "queryByAltText": [Function],
  "queryByDisplayValue": [Function],
  "queryByLabelText": [Function],
  "queryByPlaceholderText": [Function],
  "queryByRole": [Function],
  "queryByTestId": [Function],
  "queryByText": [Function],
  "queryByTitle": [Function],
  "rerender": [Function],
  "unmount": [Function],
}
`;
