// Jest Snapshot v1, https://goo.gl/fbAQLP

exports[`Test rendering image component. Should not render an image component. 1`] = `""`;

exports[`Test rendering image component. Should render an image component. 1`] = `
<img
  alt=""
  className="style"
  src="http://localhost:5000//test-image.jpg"
/>
`;
