// Jest Snapshot v1, https://goo.gl/fbAQLP

exports[`Test account group component: resetPassword. Renders correctly '<ResetPassword />' when content is loaded. 1`] = `
<div>
  <ResetPassword
    content={
      Object {
        "button": "Reset",
        "caption": "Reset Password",
        "labelEmail": "Email address",
      }
    }
    isLoading={false}
  />
</div>
`;
