// Jest Snapshot v1, https://goo.gl/fbAQLP

exports[`test progress bar component should correctly render 'CenteredCircularLoader' component. 1`] = `
<Styled(MuiBox)
  alignItems="center"
  display="flex"
  justifyContent="center"
>
  <Styled(MuiBox)
    m="auto"
  >
    <WithStyles(ForwardRef(CircularProgress))
      className="makeStyles-main-1"
    />
  </Styled(MuiBox)>
</Styled(MuiBox)>
`;
