// Jest Snapshot v1, https://goo.gl/fbAQLP

exports[`test component: footerView should render correctly '<FooterView />' when content is loaded. 1`] = `
<footer
  className="makeStyles-page_footer-1"
>
  <WithStyles(ForwardRef(Container))
    maxWidth="lg"
  >
    <RenderCopyrightBar
      backgroundColor="#FFFFFF"
      copyright="© 2020 - 2023 Tomasz Kandula"
      hasVersionInfo={false}
      icons={
        Array [
          Object {
            "href": "https://www.linkedin.com/",
            "name": "LinkedInIcon",
          },
        ]
      }
      policy={
        Object {
          "href": "/policy",
          "text": "Privacy policy",
        }
      }
      reserved="All rights reserved"
      terms={
        Object {
          "href": "/terms",
          "text": "Terms of use",
        }
      }
      versionInfo="1.0"
    />
    <RenderVersionInfo
      backgroundColor="#FFFFFF"
      copyright="© 2020 - 2023 Tomasz Kandula"
      hasVersionInfo={false}
      icons={
        Array [
          Object {
            "href": "https://www.linkedin.com/",
            "name": "LinkedInIcon",
          },
        ]
      }
      policy={
        Object {
          "href": "/policy",
          "text": "Privacy policy",
        }
      }
      reserved="All rights reserved"
      terms={
        Object {
          "href": "/terms",
          "text": "Terms of use",
        }
      }
      versionInfo="1.0"
    />
    <Styled(MuiBox)
      pb={15}
    />
  </WithStyles(ForwardRef(Container))>
</footer>
`;
