// Jest Snapshot v1, https://goo.gl/fbAQLP

exports[`Test component: footerView. Renders correctly '<FooterView />' when content is loaded. 1`] = `
<footer
  className="makeStyles-page_footer-1"
>
  <WithStyles(ForwardRef(Container))
    maxWidth="lg"
  >
    <RenderCopyrightBar />
    <RenderVersionInfo />
    <Styled(MuiBox)
      pb={15}
    />
  </WithStyles(ForwardRef(Container))>
</footer>
`;
