// Jest Snapshot v1, https://goo.gl/fbAQLP

exports[`Test account group component: resetPassword. Renders correctly '<ResetPassword />' when content is loaded. 1`] = `
<ResetPasswordView
  bind={
    Object {
      "button": "",
      "buttonHandler": [Function],
      "caption": "",
      "formHandler": [Function],
      "isLoading": false,
      "progress": false,
    }
  }
/>
`;
