// Jest Snapshot v1, https://goo.gl/fbAQLP

exports[`Test account component: SigninForm. Renders correctly '<SigninForm />' when content is loaded. 1`] = `
<div>
  <SigninForm
    content={
      Object {
        "button": "",
        "caption": "",
        "link1": "",
        "link2": "",
      }
    }
    isLoading={false}
  />
</div>
`;
