// Jest Snapshot v1, https://goo.gl/fbAQLP

exports[`Test account component: SignupForm. Renders correctly '<UserSignup />' when content is loaded. 1`] = `
<UserSignupView
  bind={
    Object {
      "button": "",
      "buttonHandler": null,
      "caption": "",
      "email": "",
      "firstName": "",
      "formHandler": null,
      "isLoading": false,
      "label": "",
      "lastName": "",
      "link": "",
      "password": "",
      "progress": false,
    }
  }
/>
`;
