// Jest Snapshot v1, https://goo.gl/fbAQLP

exports[`test articles group component: ArticleFeatureView should render correctly '<ArticleFeatureView />' when content is loaded. 1`] = `
<section
  class="makeStyles-section-1"
>
  <div
    class="MuiContainer-root MuiContainer-maxWidthLg"
  >
    <div
      class="MuiBox-root MuiBox-root-12"
    >
      <div
        class="MuiBox-root MuiBox-root-13"
        data-aos="fade-down"
      >
        <p
          class="MuiTypography-root makeStyles-title-5 MuiTypography-body1"
        >
          ARTICLES
        </p>
      </div>
      <div
        class="MuiContainer-root MuiContainer-maxWidthLg"
      >
        <div
          data-aos="fade-up"
        >
          <div
            class="MuiGrid-root MuiGrid-container"
          >
            <div
              class="MuiGrid-root makeStyles-content-9 MuiGrid-item MuiGrid-grid-xs-12 MuiGrid-grid-lg-6"
            >
              <div
                class="MuiPaper-root MuiCard-root makeStyles-card-2 MuiPaper-elevation0 MuiPaper-rounded"
              >
                <div
                  class="MuiCardContent-root makeStyles-card_content-3"
                >
                  <div
                    class="MuiBox-root MuiBox-root-14"
                  >
                    <p
                      class="MuiTypography-root makeStyles-text1-6 MuiTypography-body1"
                    >
                      .NET Core, Azure, databases and others.
                    </p>
                    <div
                      class="MuiBox-root MuiBox-root-15"
                    >
                      <p
                        class="MuiTypography-root makeStyles-text2-7 MuiTypography-body1"
                      >
                        Let's dive into Microsoft technology...
                      </p>
                    </div>
                    <div
                      class="MuiBox-root MuiBox-root-16"
                    >
                      <a
                        class="makeStyles-link-26"
                        href="/action-link"
                      >
                        <button
                          class="MuiButtonBase-root MuiButton-root MuiButton-text makeStyles-button-27"
                          tabindex="0"
                          type="button"
                        >
                          <span
                            class="MuiButton-label"
                          >
                            View list of articles
                            <span
                              class="MuiButton-endIcon MuiButton-iconSizeMedium"
                            >
                              <svg
                                aria-hidden="true"
                                class="MuiSvgIcon-root"
                                focusable="false"
                                viewBox="0 0 24 24"
                              >
                                <path
                                  d="M16.01 11H4v2h12.01v3L20 12l-3.99-4z"
                                />
                              </svg>
                            </span>
                          </span>
                          <span
                            class="MuiTouchRipple-root"
                          />
                        </button>
                      </a>
                    </div>
                  </div>
                </div>
              </div>
            </div>
            <div
              class="MuiGrid-root MuiGrid-item MuiGrid-grid-xs-12 MuiGrid-grid-lg-6"
            >
              <div
                class="MuiGrid-root MuiGrid-container MuiGrid-spacing-xs-2"
              >
                <div
                  class="MuiGrid-root MuiGrid-item MuiGrid-grid-xs-12 MuiGrid-grid-md-8"
                >
                  <div
                    class="MuiPaper-root MuiCard-root makeStyles-card_image-4 MuiPaper-elevation0 MuiPaper-rounded"
                  >
                    <div
                      class="MuiCardMedia-root makeStyles-media-8"
                      style="background-image:url(\\"http://localhost:5000/api/v1/content/assets/getNonVideoAsset?blobName=images/sections/articles/image1.jpg\\")"
                    />
                  </div>
                </div>
                <div
                  class="MuiGrid-root MuiGrid-item MuiGrid-grid-xs-12 MuiGrid-grid-md-4"
                >
                  <div
                    class="MuiPaper-root MuiCard-root makeStyles-card_image-4 MuiPaper-elevation0 MuiPaper-rounded"
                  >
                    <div
                      class="MuiCardMedia-root makeStyles-media-8"
                      style="background-image:url(\\"http://localhost:5000/api/v1/content/assets/getNonVideoAsset?blobName=images/sections/articles/image2.jpg\\")"
                    />
                  </div>
                </div>
                <div
                  class="MuiGrid-root MuiGrid-item MuiGrid-grid-xs-12 MuiGrid-grid-md-4"
                >
                  <div
                    class="MuiPaper-root MuiCard-root makeStyles-card_image-4 MuiPaper-elevation0 MuiPaper-rounded"
                  >
                    <div
                      class="MuiCardMedia-root makeStyles-media-8"
                      style="background-image:url(\\"http://localhost:5000/api/v1/content/assets/getNonVideoAsset?blobName=images/sections/articles/image3.jpg\\")"
                    />
                  </div>
                </div>
                <div
                  class="MuiGrid-root MuiGrid-item MuiGrid-grid-xs-12 MuiGrid-grid-md-8"
                >
                  <div
                    class="MuiPaper-root MuiCard-root makeStyles-card_image-4 MuiPaper-elevation0 MuiPaper-rounded"
                  >
                    <div
                      class="MuiCardMedia-root makeStyles-media-8"
                      style="background-image:url(\\"http://localhost:5000/api/v1/content/assets/getNonVideoAsset?blobName=images/sections/articles/image4.jpg\\")"
                    />
                  </div>
                </div>
              </div>
            </div>
          </div>
        </div>
      </div>
    </div>
  </div>
</section>
`;
