// Jest Snapshot v1, https://goo.gl/fbAQLP

exports[`test view component for application diaog box should render correctly view component with passed props. 1`] = `
Object {
  "asFragment": [Function],
  "baseElement": <body>
    <div>
      <div
        class="bulma-modal bulma-is-active"
      >
        <div
          class="bulma-modal-background"
        />
        <div
          class="bulma-modal-card py-6 my-6"
        >
          <header
            class="bulma-modal-card-head"
          >
            <div>
              <svg
                class="is-flex is-align-self-center has-text-info"
                role="presentation"
                style="width: 2.25rem; height: 2.25rem;"
                viewBox="0 0 24 24"
              >
                <path
                  d="M13,9H11V7H13M13,17H11V11H13M12,2A10,10 0 0,0 2,12A10,10 0 0,0 12,22A10,10 0 0,0 22,12A10,10 0 0,0 12,2Z"
                  style="fill: currentColor;"
                />
              </svg>
            </div>
            <p
              class="bulma-modal-card-title p-3"
            >
              Test title
            </p>
            <button
              aria-label="close"
              class="bulma-delete"
            />
          </header>
          <section
            class="bulma-modal-card-body"
          >
            <div
              class="bulma-content"
            >
              <p
                class="is-size-6 has-text-dark"
              >
                Test item 1
              </p>
              <p
                class="is-size-6 has-text-dark"
              >
                Test item 2
              </p>
            </div>
          </section>
          <footer
            class="bulma-modal-card-foot is-justify-content-flex-end"
          >
            <div
              class="bulma-buttons"
            >
              <button
                class="bulma-button bulma-is-link bulma-is-light"
              >
                OK
              </button>
            </div>
          </footer>
        </div>
      </div>
    </div>
  </body>,
  "container": <div>
    <div
      class="bulma-modal bulma-is-active"
    >
      <div
        class="bulma-modal-background"
      />
      <div
        class="bulma-modal-card py-6 my-6"
      >
        <header
          class="bulma-modal-card-head"
        >
          <div>
            <svg
              class="is-flex is-align-self-center has-text-info"
              role="presentation"
              style="width: 2.25rem; height: 2.25rem;"
              viewBox="0 0 24 24"
            >
              <path
                d="M13,9H11V7H13M13,17H11V11H13M12,2A10,10 0 0,0 2,12A10,10 0 0,0 12,22A10,10 0 0,0 22,12A10,10 0 0,0 12,2Z"
                style="fill: currentColor;"
              />
            </svg>
          </div>
          <p
            class="bulma-modal-card-title p-3"
          >
            Test title
          </p>
          <button
            aria-label="close"
            class="bulma-delete"
          />
        </header>
        <section
          class="bulma-modal-card-body"
        >
          <div
            class="bulma-content"
          >
            <p
              class="is-size-6 has-text-dark"
            >
              Test item 1
            </p>
            <p
              class="is-size-6 has-text-dark"
            >
              Test item 2
            </p>
          </div>
        </section>
        <footer
          class="bulma-modal-card-foot is-justify-content-flex-end"
        >
          <div
            class="bulma-buttons"
          >
            <button
              class="bulma-button bulma-is-link bulma-is-light"
            >
              OK
            </button>
          </div>
        </footer>
      </div>
    </div>
  </div>,
  "debug": [Function],
  "findAllByAltText": [Function],
  "findAllByDisplayValue": [Function],
  "findAllByLabelText": [Function],
  "findAllByPlaceholderText": [Function],
  "findAllByRole": [Function],
  "findAllByTestId": [Function],
  "findAllByText": [Function],
  "findAllByTitle": [Function],
  "findByAltText": [Function],
  "findByDisplayValue": [Function],
  "findByLabelText": [Function],
  "findByPlaceholderText": [Function],
  "findByRole": [Function],
  "findByTestId": [Function],
  "findByText": [Function],
  "findByTitle": [Function],
  "getAllByAltText": [Function],
  "getAllByDisplayValue": [Function],
  "getAllByLabelText": [Function],
  "getAllByPlaceholderText": [Function],
  "getAllByRole": [Function],
  "getAllByTestId": [Function],
  "getAllByText": [Function],
  "getAllByTitle": [Function],
  "getByAltText": [Function],
  "getByDisplayValue": [Function],
  "getByLabelText": [Function],
  "getByPlaceholderText": [Function],
  "getByRole": [Function],
  "getByTestId": [Function],
  "getByText": [Function],
  "getByTitle": [Function],
  "queryAllByAltText": [Function],
  "queryAllByDisplayValue": [Function],
  "queryAllByLabelText": [Function],
  "queryAllByPlaceholderText": [Function],
  "queryAllByRole": [Function],
  "queryAllByTestId": [Function],
  "queryAllByText": [Function],
  "queryAllByTitle": [Function],
  "queryByAltText": [Function],
  "queryByDisplayValue": [Function],
  "queryByLabelText": [Function],
  "queryByPlaceholderText": [Function],
  "queryByRole": [Function],
  "queryByTestId": [Function],
  "queryByText": [Function],
  "queryByTitle": [Function],
  "rerender": [Function],
  "unmount": [Function],
}
`;
