// Jest Snapshot v1, https://goo.gl/fbAQLP

exports[`test component: featuredView should render correctly '<FeaturedView />' when content is loaded. 1`] = `
<section
  class="makeStyles-section-1"
>
  <div
    class="MuiContainer-root MuiContainer-maxWidthLg"
  >
    <div
      class="MuiBox-root MuiBox-root-8"
    >
      <p
        class="MuiTypography-root makeStyles-caption_text-2 MuiTypography-body1"
        data-aos="fade-down"
      >
        FEATURED
      </p>
    </div>
    <div
      class="MuiBox-root MuiBox-root-9"
    >
      <div
        class="MuiGrid-root MuiGrid-container MuiGrid-spacing-xs-6"
      >
        <div
          class="MuiGrid-root MuiGrid-item MuiGrid-grid-xs-12 MuiGrid-grid-md-4"
          data-aos="fade-up"
          data-aos-delay="350"
        >
          <div
            class="MuiPaper-root MuiCard-root makeStyles-card-3 MuiPaper-elevation0 MuiPaper-rounded"
          >
            <a
              aria-disabled="false"
              class="MuiButtonBase-root MuiCardActionArea-root"
              href="https://.../net-memory-management-64389b01f642"
              tabindex="0"
              target="_blank"
            >
              <div
                class="MuiCardMedia-root makeStyles-card_media-7"
                style="background-image:url(\\"http://localhost:5000/api/v1/content/assets/getNonVideoAsset/?blobName=images/sections/featured/article0.jpg\\")"
              />
              <div
                class="MuiCardContent-root makeStyles-card_content-4"
              >
                <p
                  class="MuiTypography-root makeStyles-card_title-5 MuiTypography-body1"
                >
                  Memory Management
                </p>
                <p
                  class="MuiTypography-root makeStyles-card_subtitle-6 MuiTypography-body1"
                >
                  The basics you should know, when writing an application...
                </p>
              </div>
              <span
                class="MuiCardActionArea-focusHighlight"
              />
              <span
                class="MuiTouchRipple-root"
              />
            </a>
          </div>
        </div>
        <div
          class="MuiGrid-root MuiGrid-item MuiGrid-grid-xs-12 MuiGrid-grid-md-4"
          data-aos="fade-up"
          data-aos-delay="150"
        >
          <div
            class="MuiPaper-root MuiCard-root makeStyles-card-3 MuiPaper-elevation0 MuiPaper-rounded"
          >
            <a
              aria-disabled="false"
              class="MuiButtonBase-root MuiCardActionArea-root"
              href="https://.../i-said-goodbye-to-stored-procedures-539d56350486"
              tabindex="0"
              target="_blank"
            >
              <div
                class="MuiCardMedia-root makeStyles-card_media-7"
                style="background-image:url(\\"http://localhost:5000/api/v1/content/assets/getNonVideoAsset/?blobName=images/sections/featured/article1.jpg\\")"
              />
              <div
                class="MuiCardContent-root makeStyles-card_content-4"
              >
                <p
                  class="MuiTypography-root makeStyles-card_title-5 MuiTypography-body1"
                >
                  Stored Procedures
                </p>
                <p
                  class="MuiTypography-root makeStyles-card_subtitle-6 MuiTypography-body1"
                >
                  I explain why I do not need them that much...
                </p>
              </div>
              <span
                class="MuiCardActionArea-focusHighlight"
              />
            </a>
          </div>
        </div>
        <div
          class="MuiGrid-root MuiGrid-item MuiGrid-grid-xs-12 MuiGrid-grid-md-4"
          data-aos="fade-up"
          data-aos-delay="550"
        >
          <div
            class="MuiPaper-root MuiCard-root makeStyles-card-3 MuiPaper-elevation0 MuiPaper-rounded"
          >
            <a
              aria-disabled="false"
              class="MuiButtonBase-root MuiCardActionArea-root"
              href="https://.../sql-injection-1bde8bb76ebc"
              tabindex="0"
              target="_blank"
            >
              <div
                class="MuiCardMedia-root makeStyles-card_media-7"
                style="background-image:url(\\"http://localhost:5000/api/v1/content/assets/getNonVideoAsset/?blobName=images/sections/featured/article2.jpg\\")"
              />
              <div
                class="MuiCardContent-root makeStyles-card_content-4"
              >
                <p
                  class="MuiTypography-root makeStyles-card_title-5 MuiTypography-body1"
                >
                  SQL Injection
                </p>
                <p
                  class="MuiTypography-root makeStyles-card_subtitle-6 MuiTypography-body1"
                >
                  This article will explore the issue in greater detail...
                </p>
              </div>
              <span
                class="MuiCardActionArea-focusHighlight"
              />
            </a>
          </div>
        </div>
      </div>
    </div>
  </div>
</section>
`;
