// Jest Snapshot v1, https://goo.gl/fbAQLP

exports[`Test component: headerView. Renders correctly '<HeaderView />' when content is loaded. 1`] = `
<section>
  <WithStyles(ForwardRef(Container))
    maxWidth="lg"
  >
    <WithStyles(ForwardRef(Grid))
      className="makeStyles-top_margin-1"
      container={true}
    >
      <WithStyles(ForwardRef(Grid))
        item={true}
        sm={6}
        xs={12}
      >
        <Styled(MuiBox)
          className="makeStyles-image_box-7"
        />
      </WithStyles(ForwardRef(Grid))>
      <WithStyles(ForwardRef(Grid))
        item={true}
        sm={6}
        xs={12}
      >
        <Styled(MuiBox)
          className="makeStyles-content_box-4"
        >
          <WithStyles(ForwardRef(Typography))
            gutterBottom={true}
            variant="h3"
          >
            Welcome to my web page
          </WithStyles(ForwardRef(Typography))>
          <WithStyles(ForwardRef(Typography))
            className="makeStyles-content_description-5"
            variant="h6"
          >
            I do programming for a living...
          </WithStyles(ForwardRef(Typography))>
          <Styled(MuiBox)
            mt={4}
          >
            <ActiveButton />
          </Styled(MuiBox)>
        </Styled(MuiBox)>
      </WithStyles(ForwardRef(Grid))>
    </WithStyles(ForwardRef(Grid))>
  </WithStyles(ForwardRef(Container))>
</section>
`;
