// Jest Snapshot v1, https://goo.gl/fbAQLP

exports[`test articles group component: ArticleDetailView should render correctly '<ArticleDetailView />' when content is loaded. 1`] = `
<section
  className="makeStyles-section-1"
>
  <WithStyles(ForwardRef(Container))
    className="makeStyles-container-2"
  >
    <Styled(MuiBox)
      py={12}
    >
      <div
        data-aos="fade-down"
      >
        <WithStyles(ForwardRef(Grid))
          container={true}
          spacing={3}
        >
          <WithStyles(ForwardRef(Grid))
            item={true}
            xs={6}
          >
            <WithStyles(ForwardRef(IconButton))
              className="makeStyles-icon-3"
              onClick={[MockFunction]}
            >
              <Memo(ForwardRef(ArrowBackIcon)) />
            </WithStyles(ForwardRef(IconButton))>
          </WithStyles(ForwardRef(Grid))>
          <WithStyles(ForwardRef(Grid))
            className="makeStyles-grid_read_count-9"
            item={true}
            xs={6}
          >
            <WithStyles(ForwardRef(Typography))
              className="makeStyles-text_read_count-10"
              component="p"
              variant="subtitle1"
            >
              Read count:
               
              0
            </WithStyles(ForwardRef(Typography))>
          </WithStyles(ForwardRef(Grid))>
        </WithStyles(ForwardRef(Grid))>
        <WithStyles(ForwardRef(Divider))
          className="makeStyles-dividerTop-4"
        />
        <WithStyles(ForwardRef(Grid))
          container={true}
          spacing={2}
        >
          <WithStyles(ForwardRef(Grid))
            item={true}
          >
            <Styled(MuiBox)
              onMouseEnter={[MockFunction]}
              onMouseLeave={[MockFunction]}
            >
              <div>
                renderSmallAvatar
              </div>
            </Styled(MuiBox)>
          </WithStyles(ForwardRef(Grid))>
          <WithStyles(ForwardRef(Grid))
            item={true}
            xs={true}
            zeroMinWidth={true}
          >
            <WithStyles(ForwardRef(Typography))
              align="left"
              className="makeStyles-aliasName-11"
              component="div"
              variant="subtitle1"
            >
              <Styled(MuiBox)
                fontWeight="fontWeightBold"
              >
                Ester
              </Styled(MuiBox)>
            </WithStyles(ForwardRef(Typography))>
            <WithStyles(ForwardRef(Popover))
              anchorEl={null}
              anchorOrigin={
                Object {
                  "horizontal": "left",
                  "vertical": "bottom",
                }
              }
              className="makeStyles-popover-16"
              disableRestoreFocus={true}
              id="mouse-over-popover"
              onClose={[MockFunction]}
              open={false}
              transformOrigin={
                Object {
                  "horizontal": "left",
                  "vertical": "top",
                }
              }
            >
              <Styled(MuiBox)
                mb={2}
                ml={3}
                mr={3}
                mt={2}
              >
                <WithStyles(ForwardRef(Typography))
                  color="textSecondary"
                  component="p"
                  variant="subtitle2"
                >
                  First name:
                   
                  Ester
                </WithStyles(ForwardRef(Typography))>
                <WithStyles(ForwardRef(Typography))
                  color="textSecondary"
                  component="p"
                  variant="subtitle2"
                >
                  Last name:
                   
                  Exposito
                </WithStyles(ForwardRef(Typography))>
                <WithStyles(ForwardRef(Typography))
                  color="textSecondary"
                  component="p"
                  variant="subtitle2"
                >
                  Registered at:
                   
                </WithStyles(ForwardRef(Typography))>
              </Styled(MuiBox)>
            </WithStyles(ForwardRef(Popover))>
          </WithStyles(ForwardRef(Grid))>
        </WithStyles(ForwardRef(Grid))>
        <Styled(MuiBox)
          mb={5}
          mt={1}
        >
          <div
            className="makeStyles-text_block-6"
          >
            <WithStyles(ForwardRef(Typography))
              component="p"
              variant="subtitle1"
            >
              Article language:
               
            </WithStyles(ForwardRef(Typography))>
            <img
              alt=""
              className="makeStyles-flag_image-8"
              src="http://localhost:5000/api/v1/content/assets/getNonVideoAsset?blobName=images/flags/eng.png"
            />
          </div>
          <WithStyles(ForwardRef(Typography))
            component="p"
            variant="subtitle1"
          >
            Read time:
          </WithStyles(ForwardRef(Typography))>
          <div
            className="makeStyles-text_block-6"
          >
            <WithStyles(ForwardRef(Typography))
              component="p"
              variant="subtitle1"
            >
              Published at:
            </WithStyles(ForwardRef(Typography))>
            <WithStyles(ForwardRef(Typography))
              className="makeStyles-text_padding_left-7"
              component="p"
              variant="subtitle1"
            >
              01/10/2020, 12:15 PM
            </WithStyles(ForwardRef(Typography))>
          </div>
          <div
            className="makeStyles-text_block-6"
          >
            <WithStyles(ForwardRef(Typography))
              component="p"
              variant="subtitle1"
            >
              Updated at:
            </WithStyles(ForwardRef(Typography))>
            <WithStyles(ForwardRef(Typography))
              className="makeStyles-text_padding_left-7"
              component="p"
              variant="subtitle1"
            >
              01/10/2020, 12:15 PM
            </WithStyles(ForwardRef(Typography))>
          </div>
        </Styled(MuiBox)>
      </div>
      <div
        data-aos="fade-up"
      >
        <div>
          articleContent
        </div>
      </div>
      <Styled(MuiBox)
        mt={5}
      >
        <WithStyles(ForwardRef(Grid))
          container={true}
          spacing={2}
        >
          <WithStyles(ForwardRef(Grid))
            item={true}
          >
            <WithStyles(ForwardRef(Tooltip))
              arrow={true}
              title={
                <span
                  className="makeStyles-likesTip-15"
                >
                  <Emoji
                    text="25"
                  />
                </span>
              }
            >
              <Memo(ForwardRef(ThumbUpIcon))
                className="makeStyles-thumbsMedium-14"
                onClick={[MockFunction]}
              />
            </WithStyles(ForwardRef(Tooltip))>
          </WithStyles(ForwardRef(Grid))>
          <WithStyles(ForwardRef(Grid))
            item={true}
            xs={true}
            zeroMinWidth={true}
          >
            <WithStyles(ForwardRef(Typography))
              component="p"
              variant="subtitle1"
            >
              50
            </WithStyles(ForwardRef(Typography))>
          </WithStyles(ForwardRef(Grid))>
        </WithStyles(ForwardRef(Grid))>
      </Styled(MuiBox)>
      <WithStyles(ForwardRef(Divider))
        className="makeStyles-dividerBottom-5"
      />
      <WithStyles(ForwardRef(Grid))
        container={true}
        spacing={2}
      >
        <WithStyles(ForwardRef(Grid))
          item={true}
        >
          <div>
            renderLargeAvatar
          </div>
        </WithStyles(ForwardRef(Grid))>
        <WithStyles(ForwardRef(Grid))
          item={true}
          xs={true}
          zeroMinWidth={true}
        >
          <WithStyles(ForwardRef(Typography))
            align="left"
            className="makeStyles-aliasName-11"
            color="textSecondary"
            component="span"
            variant="h6"
          >
            Written by
          </WithStyles(ForwardRef(Typography))>
          <Styled(MuiBox)
            fontWeight="fontWeightBold"
          >
            <WithStyles(ForwardRef(Typography))
              align="left"
              className="makeStyles-aliasName-11"
              component="span"
              variant="h6"
            >
              Ester Exposito
            </WithStyles(ForwardRef(Typography))>
          </Styled(MuiBox)>
          <WithStyles(ForwardRef(Typography))
            align="left"
            className="makeStyles-aliasName-11"
            color="textSecondary"
            component="span"
            variant="subtitle1"
          >
            About the author:
             
            Happy developer
          </WithStyles(ForwardRef(Typography))>
        </WithStyles(ForwardRef(Grid))>
      </WithStyles(ForwardRef(Grid))>
    </Styled(MuiBox)>
  </WithStyles(ForwardRef(Container))>
</section>
`;
