// Jest Snapshot v1, https://goo.gl/fbAQLP

exports[`test account group component: userSignin should render correctly '<UserSignin />' when content is loaded. 1`] = `
<div>
  <UserSignin
    content={
      Object {
        "button": "Sign in",
        "caption": "Sign in",
        "labelEmail": "Email address",
        "labelPassword": "Password",
        "language": "eng",
        "link1": "Don't have an account?",
        "link2": "Forgot password?",
      }
    }
    isLoading={false}
  />
</div>
`;
