// Jest Snapshot v1, https://goo.gl/fbAQLP

exports[`test account group component: userSignin should render correctly '<UserSignin />' when content is loaded. 1`] = `
Object {
  "asFragment": [Function],
  "baseElement": <body>
    <div>
      <section>
        <div
          class="bulma-container"
        >
          <div
            class="bulma-columns mx-4 my-6"
          >
            <div
              class="bulma-column is-flex is-justify-content-center p-0"
            >
              <div
                class="bulma-card user-signin-view-card-signin"
              >
                <div
                  class="bulma-card-content"
                >
                  <div>
                    <div
                      class="is-flex is-flex-direction-column is-align-items-center"
                    >
                      <div>
                        <svg
                          class="is-flex is-align-self-center card-icon-colour"
                          role="presentation"
                          style="width: 3.75rem; height: 3.75rem;"
                          viewBox="0 0 24 24"
                        >
                          <path
                            d="M12,19.2C9.5,19.2 7.29,17.92 6,16C6.03,14 10,12.9 12,12.9C14,12.9 17.97,14 18,16C16.71,17.92 14.5,19.2 12,19.2M12,5A3,3 0 0,1 15,8A3,3 0 0,1 12,11A3,3 0 0,1 9,8A3,3 0 0,1 12,5M12,2A10,10 0 0,0 2,12A10,10 0 0,0 12,22A10,10 0 0,0 22,12C22,6.47 17.5,2 12,2Z"
                            style="fill: currentColor;"
                          />
                        </svg>
                      </div>
                      <h1
                        class="is-size-3 has-text-black"
                      >
                        Sign in
                      </h1>
                    </div>
                    <div
                      class="my-5"
                    >
                      <div
                        class="bulma-control  mb-5"
                      >
                        <input
                          autocomplete="email"
                          class="bulma-input   "
                          id="email"
                          name="email"
                          placeholder="Email address"
                          required=""
                          type="text"
                          value=""
                        />
                      </div>
                      <div
                        class="bulma-control bulma-has-icons-right "
                      >
                        <input
                          class="bulma-input   "
                          id="password"
                          name="password"
                          placeholder="Password"
                          type="password"
                          value=""
                        />
                        <span
                          class="bulma-icon bulma-is-right text-field-with-password"
                        >
                          <button
                            class="icon-button-no-hover  is-flex is-align-self-center"
                            style="height: 48px; width: 48px;"
                          >
                            <div>
                              <svg
                                class="is-flex is-align-self-center "
                                role="presentation"
                                style="width: 1rem; height: 1rem;"
                                viewBox="0 0 24 24"
                              >
                                <path
                                  d="M11.83,9L15,12.16C15,12.11 15,12.05 15,12A3,3 0 0,0 12,9C11.94,9 11.89,9 11.83,9M7.53,9.8L9.08,11.35C9.03,11.56 9,11.77 9,12A3,3 0 0,0 12,15C12.22,15 12.44,14.97 12.65,14.92L14.2,16.47C13.53,16.8 12.79,17 12,17A5,5 0 0,1 7,12C7,11.21 7.2,10.47 7.53,9.8M2,4.27L4.28,6.55L4.73,7C3.08,8.3 1.78,10 1,12C2.73,16.39 7,19.5 12,19.5C13.55,19.5 15.03,19.2 16.38,18.66L16.81,19.08L19.73,22L21,20.73L3.27,3M12,7A5,5 0 0,1 17,12C17,12.64 16.87,13.26 16.64,13.82L19.57,16.75C21.07,15.5 22.27,13.86 23,12C21.27,7.61 17,4.5 12,4.5C10.6,4.5 9.26,4.75 8,5.2L10.17,7.35C10.74,7.13 11.35,7 12,7Z"
                                  style="fill: currentColor;"
                                />
                              </svg>
                            </div>
                          </button>
                        </span>
                      </div>
                    </div>
                    <div
                      class="mb-5"
                    >
                      <button
                        class="bulma-button bulma-is-link bulma-is-light bulma-is-fullwidth"
                        type="submit"
                      >
                        Sign in
                      </button>
                    </div>
                  </div>
                  <div
                    class="bulma-notification is-flex is-align-items-center "
                  >
                    <div>
                      <svg
                        class="is-flex is-align-self-center has-text-link"
                        role="presentation"
                        style="width: 1.5rem; height: 1.5rem;"
                        viewBox="0 0 24 24"
                      >
                        <path
                          d="M13,9H11V7H13M13,17H11V11H13M12,2A10,10 0 0,0 2,12A10,10 0 0,0 12,22A10,10 0 0,0 22,12A10,10 0 0,0 12,2Z"
                          style="fill: currentColor;"
                        />
                      </svg>
                    </div>
                    <div
                      class="ml-4"
                    >
                      <span
                        class="is-size-6"
                      >
                        By signing in to an account...
                      </span>
                    </div>
                  </div>
                  <div
                    class="is-flex is-flex-direction-row is-justify-content-space-between user-signin-view-bottom-container"
                  >
                    <a
                      class="href "
                      href="https://localhost/signup"
                      rel="noopener nofollow"
                      target="_blank"
                    >
                      Don't have an account?
                    </a>
                    <a
                      class="href "
                      href="https://localhost/reset-password"
                      rel="noopener nofollow"
                      target="_blank"
                    >
                      Forgot password?
                    </a>
                  </div>
                </div>
              </div>
            </div>
            <div
              class="bulma-column is-flex is-justify-content-center p-0"
            >
              <div
                class="bulma-card user-signin-view-card-news is-flex is-flex-direction-column"
              >
                <div
                  class="slick-slider slick-initialized"
                >
                  
                  <div
                    class="slick-list"
                  >
                    <div
                      class="slick-track"
                      style="opacity: 1;"
                    >
                      <div
                        aria-hidden="false"
                        class="slick-slide slick-active slick-current"
                        data-index="0"
                        style="outline: none; width: 0px; position: relative; left: 0px; opacity: 1; z-index: 999; transition: opacity 500ms ease, visibility 500ms ease;"
                        tabindex="-1"
                      >
                        <div>
                          <div
                            class="bulma-card-image"
                          >
                            <figure
                              class="bulma-image"
                            >
                              <img
                                alt="Illustration for security news"
                                class="user-signin-view-card-image"
                                loading="lazy"
                                src="http://localhost:5000/api/v1/content/assets/getNonVideoAsset?blobName=images/news/news_01.webp"
                                title="Security news image"
                              />
                            </figure>
                          </div>
                          <div
                            class="bulma-card-content p-0 pt-3"
                          >
                            <div
                              class="bulma-tags m-0 px-5 pb-3"
                            >
                              <span
                                class="bulma-tag bulma-is-warning"
                              >
                                important
                              </span>
                            </div>
                            <hr
                              class="m-0"
                            />
                            <p
                              class="is-size-7 px-5 pt-3"
                            >
                              20205-08-08
                            </p>
                            <h2
                              class="is-size-6 has-text-weight-semibold px-5 py-3"
                            >
                              Be careful...
                            </h2>
                            <p
                              class="is-size-6 px-5"
                            >
                              Do not...
                            </p>
                          </div>
                        </div>
                      </div>
                    </div>
                  </div>
                  
                  
                </div>
                <div
                  class="is-flex is-justify-content-center is-gap-1.5 p-5 user-signin-view-bottom-container"
                >
                  <div>
                    <svg
                      class="is-flex is-align-self-center has-text-grey-dark"
                      role="presentation"
                      style="width: 0.6rem; height: 0.6rem;"
                      viewBox="0 0 24 24"
                    >
                      <path
                        d="M12,2A10,10 0 0,0 2,12A10,10 0 0,0 12,22A10,10 0 0,0 22,12A10,10 0 0,0 12,2Z"
                        style="fill: currentColor;"
                      />
                    </svg>
                  </div>
                </div>
              </div>
            </div>
          </div>
        </div>
      </section>
    </div>
  </body>,
  "container": <div>
    <section>
      <div
        class="bulma-container"
      >
        <div
          class="bulma-columns mx-4 my-6"
        >
          <div
            class="bulma-column is-flex is-justify-content-center p-0"
          >
            <div
              class="bulma-card user-signin-view-card-signin"
            >
              <div
                class="bulma-card-content"
              >
                <div>
                  <div
                    class="is-flex is-flex-direction-column is-align-items-center"
                  >
                    <div>
                      <svg
                        class="is-flex is-align-self-center card-icon-colour"
                        role="presentation"
                        style="width: 3.75rem; height: 3.75rem;"
                        viewBox="0 0 24 24"
                      >
                        <path
                          d="M12,19.2C9.5,19.2 7.29,17.92 6,16C6.03,14 10,12.9 12,12.9C14,12.9 17.97,14 18,16C16.71,17.92 14.5,19.2 12,19.2M12,5A3,3 0 0,1 15,8A3,3 0 0,1 12,11A3,3 0 0,1 9,8A3,3 0 0,1 12,5M12,2A10,10 0 0,0 2,12A10,10 0 0,0 12,22A10,10 0 0,0 22,12C22,6.47 17.5,2 12,2Z"
                          style="fill: currentColor;"
                        />
                      </svg>
                    </div>
                    <h1
                      class="is-size-3 has-text-black"
                    >
                      Sign in
                    </h1>
                  </div>
                  <div
                    class="my-5"
                  >
                    <div
                      class="bulma-control  mb-5"
                    >
                      <input
                        autocomplete="email"
                        class="bulma-input   "
                        id="email"
                        name="email"
                        placeholder="Email address"
                        required=""
                        type="text"
                        value=""
                      />
                    </div>
                    <div
                      class="bulma-control bulma-has-icons-right "
                    >
                      <input
                        class="bulma-input   "
                        id="password"
                        name="password"
                        placeholder="Password"
                        type="password"
                        value=""
                      />
                      <span
                        class="bulma-icon bulma-is-right text-field-with-password"
                      >
                        <button
                          class="icon-button-no-hover  is-flex is-align-self-center"
                          style="height: 48px; width: 48px;"
                        >
                          <div>
                            <svg
                              class="is-flex is-align-self-center "
                              role="presentation"
                              style="width: 1rem; height: 1rem;"
                              viewBox="0 0 24 24"
                            >
                              <path
                                d="M11.83,9L15,12.16C15,12.11 15,12.05 15,12A3,3 0 0,0 12,9C11.94,9 11.89,9 11.83,9M7.53,9.8L9.08,11.35C9.03,11.56 9,11.77 9,12A3,3 0 0,0 12,15C12.22,15 12.44,14.97 12.65,14.92L14.2,16.47C13.53,16.8 12.79,17 12,17A5,5 0 0,1 7,12C7,11.21 7.2,10.47 7.53,9.8M2,4.27L4.28,6.55L4.73,7C3.08,8.3 1.78,10 1,12C2.73,16.39 7,19.5 12,19.5C13.55,19.5 15.03,19.2 16.38,18.66L16.81,19.08L19.73,22L21,20.73L3.27,3M12,7A5,5 0 0,1 17,12C17,12.64 16.87,13.26 16.64,13.82L19.57,16.75C21.07,15.5 22.27,13.86 23,12C21.27,7.61 17,4.5 12,4.5C10.6,4.5 9.26,4.75 8,5.2L10.17,7.35C10.74,7.13 11.35,7 12,7Z"
                                style="fill: currentColor;"
                              />
                            </svg>
                          </div>
                        </button>
                      </span>
                    </div>
                  </div>
                  <div
                    class="mb-5"
                  >
                    <button
                      class="bulma-button bulma-is-link bulma-is-light bulma-is-fullwidth"
                      type="submit"
                    >
                      Sign in
                    </button>
                  </div>
                </div>
                <div
                  class="bulma-notification is-flex is-align-items-center "
                >
                  <div>
                    <svg
                      class="is-flex is-align-self-center has-text-link"
                      role="presentation"
                      style="width: 1.5rem; height: 1.5rem;"
                      viewBox="0 0 24 24"
                    >
                      <path
                        d="M13,9H11V7H13M13,17H11V11H13M12,2A10,10 0 0,0 2,12A10,10 0 0,0 12,22A10,10 0 0,0 22,12A10,10 0 0,0 12,2Z"
                        style="fill: currentColor;"
                      />
                    </svg>
                  </div>
                  <div
                    class="ml-4"
                  >
                    <span
                      class="is-size-6"
                    >
                      By signing in to an account...
                    </span>
                  </div>
                </div>
                <div
                  class="is-flex is-flex-direction-row is-justify-content-space-between user-signin-view-bottom-container"
                >
                  <a
                    class="href "
                    href="https://localhost/signup"
                    rel="noopener nofollow"
                    target="_blank"
                  >
                    Don't have an account?
                  </a>
                  <a
                    class="href "
                    href="https://localhost/reset-password"
                    rel="noopener nofollow"
                    target="_blank"
                  >
                    Forgot password?
                  </a>
                </div>
              </div>
            </div>
          </div>
          <div
            class="bulma-column is-flex is-justify-content-center p-0"
          >
            <div
              class="bulma-card user-signin-view-card-news is-flex is-flex-direction-column"
            >
              <div
                class="slick-slider slick-initialized"
              >
                
                <div
                  class="slick-list"
                >
                  <div
                    class="slick-track"
                    style="opacity: 1;"
                  >
                    <div
                      aria-hidden="false"
                      class="slick-slide slick-active slick-current"
                      data-index="0"
                      style="outline: none; width: 0px; position: relative; left: 0px; opacity: 1; z-index: 999; transition: opacity 500ms ease, visibility 500ms ease;"
                      tabindex="-1"
                    >
                      <div>
                        <div
                          class="bulma-card-image"
                        >
                          <figure
                            class="bulma-image"
                          >
                            <img
                              alt="Illustration for security news"
                              class="user-signin-view-card-image"
                              loading="lazy"
                              src="http://localhost:5000/api/v1/content/assets/getNonVideoAsset?blobName=images/news/news_01.webp"
                              title="Security news image"
                            />
                          </figure>
                        </div>
                        <div
                          class="bulma-card-content p-0 pt-3"
                        >
                          <div
                            class="bulma-tags m-0 px-5 pb-3"
                          >
                            <span
                              class="bulma-tag bulma-is-warning"
                            >
                              important
                            </span>
                          </div>
                          <hr
                            class="m-0"
                          />
                          <p
                            class="is-size-7 px-5 pt-3"
                          >
                            20205-08-08
                          </p>
                          <h2
                            class="is-size-6 has-text-weight-semibold px-5 py-3"
                          >
                            Be careful...
                          </h2>
                          <p
                            class="is-size-6 px-5"
                          >
                            Do not...
                          </p>
                        </div>
                      </div>
                    </div>
                  </div>
                </div>
                
                
              </div>
              <div
                class="is-flex is-justify-content-center is-gap-1.5 p-5 user-signin-view-bottom-container"
              >
                <div>
                  <svg
                    class="is-flex is-align-self-center has-text-grey-dark"
                    role="presentation"
                    style="width: 0.6rem; height: 0.6rem;"
                    viewBox="0 0 24 24"
                  >
                    <path
                      d="M12,2A10,10 0 0,0 2,12A10,10 0 0,0 12,22A10,10 0 0,0 22,12A10,10 0 0,0 12,2Z"
                      style="fill: currentColor;"
                    />
                  </svg>
                </div>
              </div>
            </div>
          </div>
        </div>
      </div>
    </section>
  </div>,
  "debug": [Function],
  "findAllByAltText": [Function],
  "findAllByDisplayValue": [Function],
  "findAllByLabelText": [Function],
  "findAllByPlaceholderText": [Function],
  "findAllByRole": [Function],
  "findAllByTestId": [Function],
  "findAllByText": [Function],
  "findAllByTitle": [Function],
  "findByAltText": [Function],
  "findByDisplayValue": [Function],
  "findByLabelText": [Function],
  "findByPlaceholderText": [Function],
  "findByRole": [Function],
  "findByTestId": [Function],
  "findByText": [Function],
  "findByTitle": [Function],
  "getAllByAltText": [Function],
  "getAllByDisplayValue": [Function],
  "getAllByLabelText": [Function],
  "getAllByPlaceholderText": [Function],
  "getAllByRole": [Function],
  "getAllByTestId": [Function],
  "getAllByText": [Function],
  "getAllByTitle": [Function],
  "getByAltText": [Function],
  "getByDisplayValue": [Function],
  "getByLabelText": [Function],
  "getByPlaceholderText": [Function],
  "getByRole": [Function],
  "getByTestId": [Function],
  "getByText": [Function],
  "getByTitle": [Function],
  "queryAllByAltText": [Function],
  "queryAllByDisplayValue": [Function],
  "queryAllByLabelText": [Function],
  "queryAllByPlaceholderText": [Function],
  "queryAllByRole": [Function],
  "queryAllByTestId": [Function],
  "queryAllByText": [Function],
  "queryAllByTitle": [Function],
  "queryByAltText": [Function],
  "queryByDisplayValue": [Function],
  "queryByLabelText": [Function],
  "queryByPlaceholderText": [Function],
  "queryByRole": [Function],
  "queryByTestId": [Function],
  "queryByText": [Function],
  "queryByTitle": [Function],
  "rerender": [Function],
  "unmount": [Function],
}
`;
