// Jest Snapshot v1, https://goo.gl/fbAQLP

exports[`test account group component: userSignupView should render correctly '<UserSignupView />' when content is loaded. 1`] = `
<section
  className="makeStyles-section-1"
>
  <WithStyles(ForwardRef(Container))
    maxWidth="sm"
  >
    <Styled(MuiBox)
      pb={10}
      pt={18}
    >
      <WithStyles(ForwardRef(Card))
        className="makeStyles-card-4"
        elevation={0}
      >
        <WithStyles(ForwardRef(CardContent))
          className="makeStyles-card_content-5"
        >
          <Styled(MuiBox)
            mb={3}
            textAlign="center"
          >
            <Memo(ForwardRef(AccountCircleIcon))
              className="makeStyles-account-2"
            />
            <WithStyles(ForwardRef(Typography))
              className="makeStyles-caption-3"
            >
              Create a new account
            </WithStyles(ForwardRef(Typography))>
          </Styled(MuiBox)>
          <Styled(MuiBox)>
            <WithStyles(ForwardRef(Grid))
              container={true}
              spacing={2}
            >
              <WithStyles(ForwardRef(Grid))
                item={true}
                sm={6}
                xs={12}
              >
                <WithStyles(ForwardRef(TextField))
                  autoComplete="one-time-code"
                  autoFocus={true}
                  disabled={false}
                  fullWidth={true}
                  id="firstName"
                  label="First name"
                  name="firstName"
                  onChange={[MockFunction]}
                  onKeyUp={[MockFunction]}
                  required={true}
                  value="Ester"
                  variant="outlined"
                />
              </WithStyles(ForwardRef(Grid))>
              <WithStyles(ForwardRef(Grid))
                item={true}
                sm={6}
                xs={12}
              >
                <WithStyles(ForwardRef(TextField))
                  autoComplete="one-time-code"
                  disabled={false}
                  fullWidth={true}
                  id="lastName"
                  label="Last name"
                  name="lastName"
                  onChange={[MockFunction]}
                  onKeyUp={[MockFunction]}
                  required={true}
                  value="Exposito"
                  variant="outlined"
                />
              </WithStyles(ForwardRef(Grid))>
              <WithStyles(ForwardRef(Grid))
                item={true}
                xs={12}
              >
                <WithStyles(ForwardRef(TextField))
                  autoComplete="one-time-code"
                  disabled={false}
                  fullWidth={true}
                  id="email"
                  label="Email address"
                  name="email"
                  onChange={[MockFunction]}
                  onKeyUp={[MockFunction]}
                  required={true}
                  value="ester.exposito@gmail.com"
                  variant="outlined"
                />
              </WithStyles(ForwardRef(Grid))>
              <WithStyles(ForwardRef(Grid))
                item={true}
                xs={12}
              >
                <TextFiedWithPassword
                  fullWidth={true}
                  isDisabled={false}
                  label="Password"
                  onChange={[MockFunction]}
                  onKeyUp={[MockFunction]}
                  uuid="password"
                  value="madrilena123"
                />
              </WithStyles(ForwardRef(Grid))>
              <WithStyles(ForwardRef(Grid))
                item={true}
                xs={12}
              >
                <WithStyles(ForwardRef(Alert))
                  severity="warning"
                >
                  <ReactHtmlParser
                    html="Please use..."
                  />
                </WithStyles(ForwardRef(Alert))>
              </WithStyles(ForwardRef(Grid))>
              <WithStyles(ForwardRef(Grid))
                item={true}
                xs={12}
              >
                <WithStyles(ForwardRef(FormControlLabel))
                  control={
                    <WithStyles(Component)
                      checked={false}
                      disabled={false}
                      id="terms"
                      name="terms"
                      onChange={[MockFunction]}
                    />
                  }
                  label="I agree to the terms of use and privacy policy."
                />
              </WithStyles(ForwardRef(Grid))>
            </WithStyles(ForwardRef(Grid))>
            <Styled(MuiBox)
              my={2}
            >
              <ActiveButton
                button="Sign up"
                buttonHandler={[MockFunction]}
                caption="Create a new account"
                consent="I agree to the terms of use and privacy policy."
                email="ester.exposito@gmail.com"
                firstName="Ester"
                formHandler={[MockFunction]}
                isLoading={false}
                keyHandler={[MockFunction]}
                labelEmail="Email address"
                labelFirstName="First name"
                labelLastName="Last name"
                labelPassword="Password"
                lastName="Exposito"
                link="Already have an account? Sign in"
                password="madrilena123"
                progress={false}
                terms={false}
                warning="Please use..."
              />
            </Styled(MuiBox)>
            <Styled(MuiBox)
              textAlign="right"
            >
              <RedirectTo
                name="Already have an account? Sign in"
                path="/signin"
              />
            </Styled(MuiBox)>
          </Styled(MuiBox)>
        </WithStyles(ForwardRef(CardContent))>
      </WithStyles(ForwardRef(Card))>
    </Styled(MuiBox)>
  </WithStyles(ForwardRef(Container))>
</section>
`;
