// Jest Snapshot v1, https://goo.gl/fbAQLP

exports[`test component: featuresView should render correctly '<NavigationView />' when content is loaded. 1`] = `
Object {
  "asFragment": [Function],
  "baseElement": <body>
    <div>
      <div
        class="app-bar"
        style="top: 0px; min-height: 64px;"
      >
        <nav
          class="bulma-navbar navigation-nav-large-screen"
        >
          <div
            class="navigation-tool-bar"
            style="height: 64px;"
          >
            <div
              class="navigation-nav-menu navigation-nav-left"
            >
              <a
                class="navigation-app-logo-small"
                href="/en"
                rel="noopener nofollow"
              >
                <img
                  alt="An application logo"
                  class="navigation-app-left-logo lazyloaded"
                  loading="lazy"
                  src="http://localhost:5000/api/v1/content/assets/getNonVideoAsset?blobName=images/icons/logo.svg"
                  title="TomKandula logo"
                />
              </a>
            </div>
            <div
              class="navigation-nav-items navigation-nav-centre"
            >
              <div
                class="render-menu-list"
              />
            </div>
            <div
              class="navigation-nav-items navigation-nav-right"
            >
              <div
                class="bulma-navbar-item bulma-has-dropdown navigation-languages-box null"
              >
                <a
                  class="bulma-navbar-link"
                >
                  <img
                    alt="A flag (en) for current language selection"
                    class="navigation-flag-image lazyloaded"
                    loading="lazy"
                    src="http://localhost:5000/api/v1/content/assets/getNonVideoAsset?blobName=images/flags/en.png"
                    title="Language flag"
                  />
                  <div>
                    EN
                  </div>
                </a>
                <div
                  class="bulma-navbar-dropdown bulma-is-boxed bulma-is-right"
                >
                  <a
                    class="bulma-navbar-item"
                  >
                    <img
                      alt="A flag (English) symbolizing available language"
                      class="navigation-flag-image lazyloaded"
                      loading="lazy"
                      src="http://localhost:5000/api/v1/content/assets/getNonVideoAsset?blobName=images/flags/en.png"
                      title="Language flag"
                    />
                    <div>
                      English
                    </div>
                    <div>
                      <svg
                        class="is-flex is-align-self-center navigation-languages-check"
                        role="presentation"
                        style="width: 2.25rem; height: 2.25rem;"
                        viewBox="0 0 24 24"
                      >
                        <path
                          d="M21,7L9,19L3.5,13.5L4.91,12.09L9,16.17L19.59,5.59L21,7Z"
                          style="fill: currentColor;"
                        />
                      </svg>
                    </div>
                  </a>
                  <a
                    class="bulma-navbar-item"
                  >
                    <img
                      alt="A flag (Polski) symbolizing available language"
                      class="navigation-flag-image lazyloaded"
                      loading="lazy"
                      src="http://localhost:5000/api/v1/content/assets/getNonVideoAsset?blobName=images/flags/pl.png"
                      title="Language flag"
                    />
                    <div>
                      Polski
                    </div>
                  </a>
                </div>
              </div>
              <div
                class="navigation-user-avatar"
              >
                <button
                  class="icon-button  is-flex is-align-self-center"
                  style="height: 48px; width: 48px;"
                >
                  <div
                    class="avatar-wrapper undefined"
                  >
                    <img
                      alt="User avatar"
                      class="avatar-image"
                      title="Avatar"
                    />
                  </div>
                </button>
              </div>
            </div>
          </div>
        </nav>
        <nav
          class="bulma-navbar navigation-nav-small-screen"
        >
          <div
            class="navigation-tool-bar"
            style="height: 64px;"
          >
            <div
              class="navigation-nav-menu navigation-nav-left"
            >
              <button
                class="icon-button  is-flex is-align-self-center"
                style="height: 48px; width: 48px;"
              >
                <svg
                  role="presentation"
                  style="width: 1.5rem; height: 1.5rem;"
                  viewBox="0 0 24 24"
                >
                  <path
                    d="M3,6H21V8H3V6M3,11H21V13H3V11M3,16H21V18H3V16Z"
                    style="fill: currentColor;"
                  />
                </svg>
              </button>
            </div>
            <div
              class="navigation-nav-items navigation-nav-centre"
            >
              <a
                class="navigation-app-logo-small"
                href="/en"
                rel="noopener nofollow"
              >
                <img
                  alt="An application logo"
                  class="navigation-app-full-logo lazyloaded"
                  loading="lazy"
                  src="http://localhost:5000/api/v1/content/assets/getNonVideoAsset?blobName=images/icons/logo.svg"
                  title="TomKandula logo"
                />
              </a>
              <a
                class="navigation-app-logo-large"
                href="/en"
                rel="noopener nofollow"
              />
            </div>
            <div
              class="navigation-nav-items navigation-nav-right"
            >
              <div
                class="bulma-navbar-item bulma-has-dropdown navigation-languages-box null"
              >
                <a
                  class="bulma-navbar-link"
                >
                  <img
                    alt="A flag (en) for current language selection"
                    class="navigation-flag-image lazyloaded"
                    loading="lazy"
                    src="http://localhost:5000/api/v1/content/assets/getNonVideoAsset?blobName=images/flags/en.png"
                    title="Language flag"
                  />
                  <div>
                    EN
                  </div>
                </a>
                <div
                  class="bulma-navbar-dropdown bulma-is-boxed bulma-is-right"
                >
                  <a
                    class="bulma-navbar-item"
                  >
                    <img
                      alt="A flag (English) symbolizing available language"
                      class="navigation-flag-image lazyloaded"
                      loading="lazy"
                      src="http://localhost:5000/api/v1/content/assets/getNonVideoAsset?blobName=images/flags/en.png"
                      title="Language flag"
                    />
                    <div>
                      English
                    </div>
                    <div>
                      <svg
                        class="is-flex is-align-self-center navigation-languages-check"
                        role="presentation"
                        style="width: 2.25rem; height: 2.25rem;"
                        viewBox="0 0 24 24"
                      >
                        <path
                          d="M21,7L9,19L3.5,13.5L4.91,12.09L9,16.17L19.59,5.59L21,7Z"
                          style="fill: currentColor;"
                        />
                      </svg>
                    </div>
                  </a>
                  <a
                    class="bulma-navbar-item"
                  >
                    <img
                      alt="A flag (Polski) symbolizing available language"
                      class="navigation-flag-image lazyloaded"
                      loading="lazy"
                      src="http://localhost:5000/api/v1/content/assets/getNonVideoAsset?blobName=images/flags/pl.png"
                      title="Language flag"
                    />
                    <div>
                      Polski
                    </div>
                  </a>
                </div>
              </div>
              <div
                class="navigation-user-avatar"
              >
                <button
                  class="icon-button  is-flex is-align-self-center"
                  style="height: 48px; width: 48px;"
                >
                  <div
                    class="avatar-wrapper undefined"
                  >
                    <img
                      alt="User avatar"
                      class="avatar-image"
                      title="Avatar"
                    />
                  </div>
                </button>
              </div>
            </div>
          </div>
        </nav>
      </div>
    </div>
  </body>,
  "container": <div>
    <div
      class="app-bar"
      style="top: 0px; min-height: 64px;"
    >
      <nav
        class="bulma-navbar navigation-nav-large-screen"
      >
        <div
          class="navigation-tool-bar"
          style="height: 64px;"
        >
          <div
            class="navigation-nav-menu navigation-nav-left"
          >
            <a
              class="navigation-app-logo-small"
              href="/en"
              rel="noopener nofollow"
            >
              <img
                alt="An application logo"
                class="navigation-app-left-logo lazyloaded"
                loading="lazy"
                src="http://localhost:5000/api/v1/content/assets/getNonVideoAsset?blobName=images/icons/logo.svg"
                title="TomKandula logo"
              />
            </a>
          </div>
          <div
            class="navigation-nav-items navigation-nav-centre"
          >
            <div
              class="render-menu-list"
            />
          </div>
          <div
            class="navigation-nav-items navigation-nav-right"
          >
            <div
              class="bulma-navbar-item bulma-has-dropdown navigation-languages-box null"
            >
              <a
                class="bulma-navbar-link"
              >
                <img
                  alt="A flag (en) for current language selection"
                  class="navigation-flag-image lazyloaded"
                  loading="lazy"
                  src="http://localhost:5000/api/v1/content/assets/getNonVideoAsset?blobName=images/flags/en.png"
                  title="Language flag"
                />
                <div>
                  EN
                </div>
              </a>
              <div
                class="bulma-navbar-dropdown bulma-is-boxed bulma-is-right"
              >
                <a
                  class="bulma-navbar-item"
                >
                  <img
                    alt="A flag (English) symbolizing available language"
                    class="navigation-flag-image lazyloaded"
                    loading="lazy"
                    src="http://localhost:5000/api/v1/content/assets/getNonVideoAsset?blobName=images/flags/en.png"
                    title="Language flag"
                  />
                  <div>
                    English
                  </div>
                  <div>
                    <svg
                      class="is-flex is-align-self-center navigation-languages-check"
                      role="presentation"
                      style="width: 2.25rem; height: 2.25rem;"
                      viewBox="0 0 24 24"
                    >
                      <path
                        d="M21,7L9,19L3.5,13.5L4.91,12.09L9,16.17L19.59,5.59L21,7Z"
                        style="fill: currentColor;"
                      />
                    </svg>
                  </div>
                </a>
                <a
                  class="bulma-navbar-item"
                >
                  <img
                    alt="A flag (Polski) symbolizing available language"
                    class="navigation-flag-image lazyloaded"
                    loading="lazy"
                    src="http://localhost:5000/api/v1/content/assets/getNonVideoAsset?blobName=images/flags/pl.png"
                    title="Language flag"
                  />
                  <div>
                    Polski
                  </div>
                </a>
              </div>
            </div>
            <div
              class="navigation-user-avatar"
            >
              <button
                class="icon-button  is-flex is-align-self-center"
                style="height: 48px; width: 48px;"
              >
                <div
                  class="avatar-wrapper undefined"
                >
                  <img
                    alt="User avatar"
                    class="avatar-image"
                    title="Avatar"
                  />
                </div>
              </button>
            </div>
          </div>
        </div>
      </nav>
      <nav
        class="bulma-navbar navigation-nav-small-screen"
      >
        <div
          class="navigation-tool-bar"
          style="height: 64px;"
        >
          <div
            class="navigation-nav-menu navigation-nav-left"
          >
            <button
              class="icon-button  is-flex is-align-self-center"
              style="height: 48px; width: 48px;"
            >
              <svg
                role="presentation"
                style="width: 1.5rem; height: 1.5rem;"
                viewBox="0 0 24 24"
              >
                <path
                  d="M3,6H21V8H3V6M3,11H21V13H3V11M3,16H21V18H3V16Z"
                  style="fill: currentColor;"
                />
              </svg>
            </button>
          </div>
          <div
            class="navigation-nav-items navigation-nav-centre"
          >
            <a
              class="navigation-app-logo-small"
              href="/en"
              rel="noopener nofollow"
            >
              <img
                alt="An application logo"
                class="navigation-app-full-logo lazyloaded"
                loading="lazy"
                src="http://localhost:5000/api/v1/content/assets/getNonVideoAsset?blobName=images/icons/logo.svg"
                title="TomKandula logo"
              />
            </a>
            <a
              class="navigation-app-logo-large"
              href="/en"
              rel="noopener nofollow"
            />
          </div>
          <div
            class="navigation-nav-items navigation-nav-right"
          >
            <div
              class="bulma-navbar-item bulma-has-dropdown navigation-languages-box null"
            >
              <a
                class="bulma-navbar-link"
              >
                <img
                  alt="A flag (en) for current language selection"
                  class="navigation-flag-image lazyloaded"
                  loading="lazy"
                  src="http://localhost:5000/api/v1/content/assets/getNonVideoAsset?blobName=images/flags/en.png"
                  title="Language flag"
                />
                <div>
                  EN
                </div>
              </a>
              <div
                class="bulma-navbar-dropdown bulma-is-boxed bulma-is-right"
              >
                <a
                  class="bulma-navbar-item"
                >
                  <img
                    alt="A flag (English) symbolizing available language"
                    class="navigation-flag-image lazyloaded"
                    loading="lazy"
                    src="http://localhost:5000/api/v1/content/assets/getNonVideoAsset?blobName=images/flags/en.png"
                    title="Language flag"
                  />
                  <div>
                    English
                  </div>
                  <div>
                    <svg
                      class="is-flex is-align-self-center navigation-languages-check"
                      role="presentation"
                      style="width: 2.25rem; height: 2.25rem;"
                      viewBox="0 0 24 24"
                    >
                      <path
                        d="M21,7L9,19L3.5,13.5L4.91,12.09L9,16.17L19.59,5.59L21,7Z"
                        style="fill: currentColor;"
                      />
                    </svg>
                  </div>
                </a>
                <a
                  class="bulma-navbar-item"
                >
                  <img
                    alt="A flag (Polski) symbolizing available language"
                    class="navigation-flag-image lazyloaded"
                    loading="lazy"
                    src="http://localhost:5000/api/v1/content/assets/getNonVideoAsset?blobName=images/flags/pl.png"
                    title="Language flag"
                  />
                  <div>
                    Polski
                  </div>
                </a>
              </div>
            </div>
            <div
              class="navigation-user-avatar"
            >
              <button
                class="icon-button  is-flex is-align-self-center"
                style="height: 48px; width: 48px;"
              >
                <div
                  class="avatar-wrapper undefined"
                >
                  <img
                    alt="User avatar"
                    class="avatar-image"
                    title="Avatar"
                  />
                </div>
              </button>
            </div>
          </div>
        </div>
      </nav>
    </div>
  </div>,
  "debug": [Function],
  "findAllByAltText": [Function],
  "findAllByDisplayValue": [Function],
  "findAllByLabelText": [Function],
  "findAllByPlaceholderText": [Function],
  "findAllByRole": [Function],
  "findAllByTestId": [Function],
  "findAllByText": [Function],
  "findAllByTitle": [Function],
  "findByAltText": [Function],
  "findByDisplayValue": [Function],
  "findByLabelText": [Function],
  "findByPlaceholderText": [Function],
  "findByRole": [Function],
  "findByTestId": [Function],
  "findByText": [Function],
  "findByTitle": [Function],
  "getAllByAltText": [Function],
  "getAllByDisplayValue": [Function],
  "getAllByLabelText": [Function],
  "getAllByPlaceholderText": [Function],
  "getAllByRole": [Function],
  "getAllByTestId": [Function],
  "getAllByText": [Function],
  "getAllByTitle": [Function],
  "getByAltText": [Function],
  "getByDisplayValue": [Function],
  "getByLabelText": [Function],
  "getByPlaceholderText": [Function],
  "getByRole": [Function],
  "getByTestId": [Function],
  "getByText": [Function],
  "getByTitle": [Function],
  "queryAllByAltText": [Function],
  "queryAllByDisplayValue": [Function],
  "queryAllByLabelText": [Function],
  "queryAllByPlaceholderText": [Function],
  "queryAllByRole": [Function],
  "queryAllByTestId": [Function],
  "queryAllByText": [Function],
  "queryAllByTitle": [Function],
  "queryByAltText": [Function],
  "queryByDisplayValue": [Function],
  "queryByLabelText": [Function],
  "queryByPlaceholderText": [Function],
  "queryByRole": [Function],
  "queryByTestId": [Function],
  "queryByText": [Function],
  "queryByTitle": [Function],
  "rerender": [Function],
  "unmount": [Function],
}
`;
