// Jest Snapshot v1, https://goo.gl/fbAQLP

exports[`test component: featuresView should render correctly '<NavigationView />' when content is loaded. 1`] = `
<header
  class="MuiPaper-root MuiAppBar-root MuiAppBar-positionFixed MuiAppBar-colorPrimary makeStyles-app_bar-1 mui-fixed MuiPaper-elevation0"
>
  <div
    class="MuiToolbar-root MuiToolbar-regular makeStyles-tool_bar-2 MuiToolbar-gutters"
  >
    <div
      class="MuiGrid-root MuiGrid-container MuiGrid-spacing-xs-3 MuiGrid-item MuiGrid-grid-xs-12"
    >
      <div
        class="MuiGrid-root makeStyles-nav_menu-5 MuiGrid-item MuiGrid-grid-xs-true"
      >
        <button
          aria-label="menu"
          class="MuiButtonBase-root MuiIconButton-root makeStyles-nav_icon-19 MuiIconButton-colorInherit"
          tabindex="0"
          type="button"
        >
          <span
            class="MuiIconButton-label"
          >
            <svg
              aria-hidden="true"
              class="MuiSvgIcon-root"
              focusable="false"
              viewBox="0 0 24 24"
            >
              <path
                d="M3 18h18v-2H3v2zm0-5h18v-2H3v2zm0-7v2h18V6H3z"
              />
            </svg>
          </span>
          <span
            class="MuiTouchRipple-root"
          />
        </button>
      </div>
      <div
        class="MuiGrid-root makeStyles-content_right_side-12 MuiGrid-item MuiGrid-grid-xs-true"
      >
        <div
          class="MuiBox-root MuiBox-root-40 makeStyles-languagesBox-35"
        >
          <div
            class="MuiFormControl-root makeStyles-languages_control-36"
          >
            <div
              class="MuiInputBase-root MuiInput-root makeStyles-languages_selection-37 MuiInputBase-formControl MuiInput-formControl"
            >
              <div
                aria-haspopup="listbox"
                class="MuiSelect-root MuiSelect-select MuiSelect-selectMenu MuiInputBase-input MuiInput-input"
                role="button"
                tabindex="0"
              >
                <div
                  style="display:flex;align-items:center"
                >
                  <img
                    alt=""
                    class="makeStyles-flag_image-48"
                    src="http://localhost:5000/api/v1/content/assets/getNonVideoAsset?blobName=images/flags/eng.png"
                  />
                  <div>
                    English
                  </div>
                </div>
              </div>
              <input
                aria-hidden="true"
                class="MuiSelect-nativeInput"
                tabindex="-1"
                value="eng"
              />
              <svg
                aria-hidden="true"
                class="MuiSvgIcon-root MuiSelect-icon"
                focusable="false"
                viewBox="0 0 24 24"
              >
                <path
                  d="M7 10l5 5 5-5z"
                />
              </svg>
            </div>
          </div>
        </div>
        <div
          class="makeStyles-user_avatar-39"
        >
          <button
            class="MuiButtonBase-root MuiIconButton-root MuiIconButton-colorInherit"
            tabindex="0"
            type="button"
          >
            <span
              class="MuiIconButton-label"
            >
              <div
                class="MuiAvatar-root MuiAvatar-circular MuiAvatar-colorDefault"
              />
            </span>
          </button>
        </div>
      </div>
    </div>
  </div>
</header>
`;
