// Jest Snapshot v1, https://goo.gl/fbAQLP

exports[`test component: featuresView should render correctly '<NavigationView />' when content is loaded. 1`] = `
Object {
  "asFragment": [Function],
  "baseElement": <body>
    <div>
      <nav
        class="bulma-navbar app-bar"
        style="top: 0px; min-height: 64px;"
      >
        <div
          class="bulma-navbar-start is-flex is-align-self-center"
        >
          <a
            href="/en"
            rel="noopener nofollow"
          >
            <img
              alt="An application logo"
              class="ml-4 lazyloaded"
              height="30"
              loading="lazy"
              src="http://localhost:5000/api/v1/content/assets/getNonVideoAsset?blobName=images/icons/logo.svg"
              title="TomKandula logo"
              width="180"
            />
          </a>
        </div>
        <div
          class="is-flex is-align-self-center"
        >
          <div
            class="render-menu-list"
          />
        </div>
        <div
          class="bulma-navbar-end"
        >
          <div
            class="bulma-navbar-item bulma-has-dropdown "
          >
            <a
              class="bulma-navbar-link"
            >
              <img
                alt="A flag (en) for current language selection"
                height="14"
                loading="lazy"
                src="http://localhost:5000/api/v1/content/assets/getNonVideoAsset?blobName=images/flags/en.png"
                title="Language flag"
                width="14"
              />
              <div>
                EN
              </div>
            </a>
            <div
              class="bulma-navbar-dropdown bulma-is-boxed bulma-is-right"
            >
              <a
                class="bulma-navbar-item"
              >
                <img
                  alt="A flag (English) symbolizing available language"
                  height="14"
                  loading="lazy"
                  src="http://localhost:5000/api/v1/content/assets/getNonVideoAsset?blobName=images/flags/en.png"
                  title="Language flag"
                  width="14"
                />
                <div>
                  English
                </div>
                <div>
                  <svg
                    class="is-flex is-align-self-center navigation-languages-check"
                    role="presentation"
                    style="width: 2.25rem; height: 2.25rem;"
                    viewBox="0 0 24 24"
                  >
                    <path
                      d="M21,7L9,19L3.5,13.5L4.91,12.09L9,16.17L19.59,5.59L21,7Z"
                      style="fill: currentColor;"
                    />
                  </svg>
                </div>
              </a>
              <a
                class="bulma-navbar-item"
              >
                <img
                  alt="A flag (Polski) symbolizing available language"
                  height="14"
                  loading="lazy"
                  src="http://localhost:5000/api/v1/content/assets/getNonVideoAsset?blobName=images/flags/pl.png"
                  title="Language flag"
                  width="14"
                />
                <div>
                  Polski
                </div>
              </a>
            </div>
          </div>
          <button
            class="icon-button mr-4 is-flex is-align-self-center"
            style="height: 48px; width: 48px;"
          >
            <div
              class="avatar-wrapper undefined"
            >
              <img
                alt="User avatar"
                class="avatar-image"
                title="Avatar"
              />
            </div>
          </button>
        </div>
      </nav>
    </div>
  </body>,
  "container": <div>
    <nav
      class="bulma-navbar app-bar"
      style="top: 0px; min-height: 64px;"
    >
      <div
        class="bulma-navbar-start is-flex is-align-self-center"
      >
        <a
          href="/en"
          rel="noopener nofollow"
        >
          <img
            alt="An application logo"
            class="ml-4 lazyloaded"
            height="30"
            loading="lazy"
            src="http://localhost:5000/api/v1/content/assets/getNonVideoAsset?blobName=images/icons/logo.svg"
            title="TomKandula logo"
            width="180"
          />
        </a>
      </div>
      <div
        class="is-flex is-align-self-center"
      >
        <div
          class="render-menu-list"
        />
      </div>
      <div
        class="bulma-navbar-end"
      >
        <div
          class="bulma-navbar-item bulma-has-dropdown "
        >
          <a
            class="bulma-navbar-link"
          >
            <img
              alt="A flag (en) for current language selection"
              height="14"
              loading="lazy"
              src="http://localhost:5000/api/v1/content/assets/getNonVideoAsset?blobName=images/flags/en.png"
              title="Language flag"
              width="14"
            />
            <div>
              EN
            </div>
          </a>
          <div
            class="bulma-navbar-dropdown bulma-is-boxed bulma-is-right"
          >
            <a
              class="bulma-navbar-item"
            >
              <img
                alt="A flag (English) symbolizing available language"
                height="14"
                loading="lazy"
                src="http://localhost:5000/api/v1/content/assets/getNonVideoAsset?blobName=images/flags/en.png"
                title="Language flag"
                width="14"
              />
              <div>
                English
              </div>
              <div>
                <svg
                  class="is-flex is-align-self-center navigation-languages-check"
                  role="presentation"
                  style="width: 2.25rem; height: 2.25rem;"
                  viewBox="0 0 24 24"
                >
                  <path
                    d="M21,7L9,19L3.5,13.5L4.91,12.09L9,16.17L19.59,5.59L21,7Z"
                    style="fill: currentColor;"
                  />
                </svg>
              </div>
            </a>
            <a
              class="bulma-navbar-item"
            >
              <img
                alt="A flag (Polski) symbolizing available language"
                height="14"
                loading="lazy"
                src="http://localhost:5000/api/v1/content/assets/getNonVideoAsset?blobName=images/flags/pl.png"
                title="Language flag"
                width="14"
              />
              <div>
                Polski
              </div>
            </a>
          </div>
        </div>
        <button
          class="icon-button mr-4 is-flex is-align-self-center"
          style="height: 48px; width: 48px;"
        >
          <div
            class="avatar-wrapper undefined"
          >
            <img
              alt="User avatar"
              class="avatar-image"
              title="Avatar"
            />
          </div>
        </button>
      </div>
    </nav>
  </div>,
  "debug": [Function],
  "findAllByAltText": [Function],
  "findAllByDisplayValue": [Function],
  "findAllByLabelText": [Function],
  "findAllByPlaceholderText": [Function],
  "findAllByRole": [Function],
  "findAllByTestId": [Function],
  "findAllByText": [Function],
  "findAllByTitle": [Function],
  "findByAltText": [Function],
  "findByDisplayValue": [Function],
  "findByLabelText": [Function],
  "findByPlaceholderText": [Function],
  "findByRole": [Function],
  "findByTestId": [Function],
  "findByText": [Function],
  "findByTitle": [Function],
  "getAllByAltText": [Function],
  "getAllByDisplayValue": [Function],
  "getAllByLabelText": [Function],
  "getAllByPlaceholderText": [Function],
  "getAllByRole": [Function],
  "getAllByTestId": [Function],
  "getAllByText": [Function],
  "getAllByTitle": [Function],
  "getByAltText": [Function],
  "getByDisplayValue": [Function],
  "getByLabelText": [Function],
  "getByPlaceholderText": [Function],
  "getByRole": [Function],
  "getByTestId": [Function],
  "getByText": [Function],
  "getByTitle": [Function],
  "queryAllByAltText": [Function],
  "queryAllByDisplayValue": [Function],
  "queryAllByLabelText": [Function],
  "queryAllByPlaceholderText": [Function],
  "queryAllByRole": [Function],
  "queryAllByTestId": [Function],
  "queryAllByText": [Function],
  "queryAllByTitle": [Function],
  "queryByAltText": [Function],
  "queryByDisplayValue": [Function],
  "queryByLabelText": [Function],
  "queryByPlaceholderText": [Function],
  "queryByRole": [Function],
  "queryByTestId": [Function],
  "queryByText": [Function],
  "queryByTitle": [Function],
  "rerender": [Function],
  "unmount": [Function],
}
`;
