// Jest Snapshot v1, https://goo.gl/fbAQLP

exports[`test component: newsletterUpdateView should render correctly '<NewsletterUpdateView />' when content is loaded. 1`] = `
<section
  class="makeStyles-section-1"
>
  <div
    class="MuiContainer-root MuiContainer-maxWidthSm"
  >
    <div
      class="MuiBox-root MuiBox-root-6"
    >
      <div
        class="MuiPaper-root MuiCard-root MuiPaper-elevation4 MuiPaper-rounded"
      >
        <div
          class="MuiCardContent-root makeStyles-card-4"
        >
          <div
            class="MuiBox-root MuiBox-root-7"
          >
            <svg
              aria-hidden="true"
              class="MuiSvgIcon-root makeStyles-account-2"
              focusable="false"
              viewBox="0 0 24 24"
            >
              <path
                d="M12 2C6.48 2 2 6.48 2 12s4.48 10 10 10 10-4.48 10-10S17.52 2 12 2zm0 3c1.66 0 3 1.34 3 3s-1.34 3-3 3-3-1.34-3-3 1.34-3 3-3zm0 14.2c-2.5 0-4.71-1.28-6-3.22.03-1.99 4-3.08 6-3.08 1.99 0 5.97 1.09 6 3.08-1.29 1.94-3.5 3.22-6 3.22z"
              />
            </svg>
            <p
              class="MuiTypography-root makeStyles-caption-3 MuiTypography-body1"
            >
              Update subscription email
            </p>
          </div>
          <div
            class="MuiBox-root MuiBox-root-8"
          >
            <div
              class="MuiGrid-root MuiGrid-container MuiGrid-spacing-xs-2"
            >
              <div
                class="MuiGrid-root MuiGrid-item MuiGrid-grid-xs-12"
              >
                <div
                  class="MuiFormControl-root MuiTextField-root MuiFormControl-fullWidth"
                >
                  <label
                    class="MuiFormLabel-root MuiInputLabel-root MuiInputLabel-formControl MuiInputLabel-animated MuiInputLabel-shrink MuiInputLabel-outlined MuiFormLabel-filled Mui-required Mui-required"
                    data-shrink="true"
                    for="email"
                    id="email-label"
                  >
                    Email address
                    <span
                      aria-hidden="true"
                      class="MuiFormLabel-asterisk MuiInputLabel-asterisk"
                    >
                       *
                    </span>
                  </label>
                  <div
                    class="MuiInputBase-root MuiOutlinedInput-root MuiInputBase-fullWidth MuiInputBase-formControl"
                  >
                    <input
                      aria-invalid="false"
                      autocomplete="email"
                      class="MuiInputBase-input MuiOutlinedInput-input"
                      id="email"
                      name="email"
                      required=""
                      type="text"
                      value="ester.exposito@gmail.com"
                    />
                    <fieldset
                      aria-hidden="true"
                      class="PrivateNotchedOutline-root-9 MuiOutlinedInput-notchedOutline"
                    >
                      <legend
                        class="PrivateNotchedOutline-legendLabelled-11 PrivateNotchedOutline-legendNotched-12"
                      >
                        <span>
                          Email address *
                        </span>
                      </legend>
                    </fieldset>
                  </div>
                </div>
              </div>
            </div>
            <div
              class="MuiBox-root MuiBox-root-13"
            >
              <button
                class="MuiButtonBase-root MuiButton-root MuiButton-contained makeStyles-button-18 Mui-disabled MuiButton-fullWidth Mui-disabled"
                disabled=""
                tabindex="-1"
                type="button"
              >
                <span
                  class="MuiButton-label"
                >
                  Update
                </span>
              </button>
            </div>
          </div>
        </div>
      </div>
    </div>
  </div>
</section>
`;
