// Jest Snapshot v1, https://goo.gl/fbAQLP

exports[`Test account group component: updatePassword. Renders correctly '<UpdatePassword />' when content is loaded. 1`] = `
<div>
  <UpdatePassword
    content={
      Object {
        "button": "Submit",
        "caption": "Update Password",
        "labelNewPassword": "New password",
        "labelVerifyPassword": "Verify new password",
        "language": "eng",
      }
    }
    isLoading={false}
  />
</div>
`;
