// Jest Snapshot v1, https://goo.gl/fbAQLP

exports[`Test component: testimonialsView. Renders correctly '<TestimonialsView />' when content is loaded. 1`] = `
<section
  className="makeStyles-section-1"
>
  <WithStyles(ForwardRef(Container))
    maxWidth="lg"
  >
    <Styled(MuiBox)
      mb={5}
      pb={10}
      pt={8}
      textAlign="center"
    >
      <WithStyles(ForwardRef(Typography))
        className="makeStyles-caption_text-2"
        data-aos="fade-down"
        gutterBottom={true}
      >
        TESTIMONIALS
      </WithStyles(ForwardRef(Typography))>
    </Styled(MuiBox)>
    <Styled(MuiBox)
      pb={15}
      textAlign="center"
    >
      <WithStyles(ForwardRef(Grid))
        container={true}
        spacing={6}
      >
        <WithStyles(ForwardRef(Grid))
          data-aos="fade-left"
          item={true}
          md={4}
          xs={12}
        >
          <WithStyles(ForwardRef(Card))
            className="makeStyles-card-3"
            elevation={0}
          >
            <WithStyles(ForwardRef(CardMedia))
              className="makeStyles-card_image-4"
              component="img"
              image=" "
            />
            <WithStyles(ForwardRef(CardContent))
              className="makeStyles-card_content-5"
            >
              <WithStyles(ForwardRef(Typography))
                className="makeStyles-card_title-6"
              >
                Joanna
              </WithStyles(ForwardRef(Typography))>
              <WithStyles(ForwardRef(Typography))
                className="makeStyles-card_subheader-7"
              >
                Senior Digital Tax Specialist
              </WithStyles(ForwardRef(Typography))>
              <WithStyles(ForwardRef(Typography))
                className="makeStyles-card_text-8"
              >
                Joe is very motivated...
              </WithStyles(ForwardRef(Typography))>
            </WithStyles(ForwardRef(CardContent))>
          </WithStyles(ForwardRef(Card))>
        </WithStyles(ForwardRef(Grid))>
        <WithStyles(ForwardRef(Grid))
          data-aos="fade-up"
          item={true}
          md={4}
          xs={12}
        >
          <WithStyles(ForwardRef(Card))
            className="makeStyles-card-3"
            elevation={3}
          >
            <WithStyles(ForwardRef(CardMedia))
              className="makeStyles-card_image-4"
              component="img"
              image=" "
            />
            <WithStyles(ForwardRef(CardContent))
              className="makeStyles-card_content-5"
            >
              <WithStyles(ForwardRef(Typography))
                className="makeStyles-card_title-6"
              >
                Adama
              </WithStyles(ForwardRef(Typography))>
              <WithStyles(ForwardRef(Typography))
                className="makeStyles-card_subheader-7"
              >
                Full-stack Developer chez DFDS POLSKA
              </WithStyles(ForwardRef(Typography))>
              <WithStyles(ForwardRef(Typography))
                className="makeStyles-card_text-8"
              >
                Joe have done very good work...
              </WithStyles(ForwardRef(Typography))>
            </WithStyles(ForwardRef(CardContent))>
          </WithStyles(ForwardRef(Card))>
        </WithStyles(ForwardRef(Grid))>
        <WithStyles(ForwardRef(Grid))
          data-aos="fade-right"
          item={true}
          md={4}
          xs={12}
        >
          <WithStyles(ForwardRef(Card))
            className="makeStyles-card-3"
            elevation={3}
          >
            <WithStyles(ForwardRef(CardMedia))
              className="makeStyles-card_image-4"
              component="img"
              image=" "
            />
            <WithStyles(ForwardRef(CardContent))
              className="makeStyles-card_content-5"
            >
              <WithStyles(ForwardRef(Typography))
                className="makeStyles-card_title-6"
              >
                Scott
              </WithStyles(ForwardRef(Typography))>
              <WithStyles(ForwardRef(Typography))
                className="makeStyles-card_subheader-7"
              >
                BPO
              </WithStyles(ForwardRef(Typography))>
              <WithStyles(ForwardRef(Typography))
                className="makeStyles-card_text-8"
              >
                Joe is one of those rare talents...
              </WithStyles(ForwardRef(Typography))>
            </WithStyles(ForwardRef(CardContent))>
          </WithStyles(ForwardRef(Card))>
        </WithStyles(ForwardRef(Grid))>
      </WithStyles(ForwardRef(Grid))>
    </Styled(MuiBox)>
  </WithStyles(ForwardRef(Container))>
</section>
`;
