// Jest Snapshot v1, https://goo.gl/fbAQLP

exports[`Test component: testimonialsView. Renders correctly '<TestimonialsView />' when content is loaded. 1`] = `
<section
  className="makeStyles-section-1"
>
  <WithStyles(ForwardRef(Container))
    maxWidth="lg"
  >
    <Styled(MuiBox)
      pb={10}
      pt={8}
    >
      <WithStyles(ForwardRef(Container))
        maxWidth="sm"
      >
        <Styled(MuiBox)
          data-aos="fade-down"
          mb={5}
          textAlign="center"
        >
          <WithStyles(ForwardRef(Typography))
            className="makeStyles-caption_text-3"
            gutterBottom={true}
          >
            TESTIMONIALS
          </WithStyles(ForwardRef(Typography))>
        </Styled(MuiBox)>
      </WithStyles(ForwardRef(Container))>
      <div
        data-aos="fade-up"
      >
        <Carousel
          animationHandler="slide"
          autoPlay={true}
          axis="horizontal"
          centerSlidePercentage={80}
          infiniteLoop={true}
          interval={6100}
          labels={
            Object {
              "item": "slide item",
              "leftArrow": "previous slide / item",
              "rightArrow": "next slide / item",
            }
          }
          onChange={[Function]}
          onClickItem={[Function]}
          onClickThumb={[Function]}
          onSwipeEnd={[Function]}
          onSwipeMove={[Function]}
          onSwipeStart={[Function]}
          preventMovementUntilSwipeScrollTolerance={false}
          renderArrowNext={[Function]}
          renderArrowPrev={[Function]}
          renderIndicator={[Function]}
          renderItem={[Function]}
          renderThumbs={[Function]}
          selectedItem={0}
          showArrows={true}
          showIndicators={true}
          showStatus={false}
          showThumbs={false}
          statusFormatter={[Function]}
          stopOnHover={true}
          stopSwipingHandler={[Function]}
          swipeAnimationHandler={[Function]}
          swipeScrollTolerance={5}
          swipeable={true}
          transitionTime={350}
          verticalSwipe="standard"
          width="100%"
        >
          <Styled(MuiBox)
            className="makeStyles-box_padding-7"
          >
            <WithStyles(ForwardRef(Typography))
              className="makeStyles-title-4"
            >
              Joanna
            </WithStyles(ForwardRef(Typography))>
            <WithStyles(ForwardRef(Typography))
              className="makeStyles-subtitle-5"
            >
              Senior Digital Tax Specialist
            </WithStyles(ForwardRef(Typography))>
            <WithStyles(ForwardRef(Typography))
              className="makeStyles-commendation-6"
            >
              Joe is very motivated...
            </WithStyles(ForwardRef(Typography))>
          </Styled(MuiBox)>
          <Styled(MuiBox)
            className="makeStyles-box_padding-7"
          >
            <WithStyles(ForwardRef(Typography))
              className="makeStyles-title-4"
            >
              Adama
            </WithStyles(ForwardRef(Typography))>
            <WithStyles(ForwardRef(Typography))
              className="makeStyles-subtitle-5"
            >
              Full-stack Developer chez DFDS POLSKA
            </WithStyles(ForwardRef(Typography))>
            <WithStyles(ForwardRef(Typography))
              className="makeStyles-commendation-6"
            >
              Joe have done very good work...
            </WithStyles(ForwardRef(Typography))>
          </Styled(MuiBox)>
          <Styled(MuiBox)
            className="makeStyles-box_padding-7"
          >
            <WithStyles(ForwardRef(Typography))
              className="makeStyles-title-4"
            >
              Scott
            </WithStyles(ForwardRef(Typography))>
            <WithStyles(ForwardRef(Typography))
              className="makeStyles-subtitle-5"
            >
              BPO
            </WithStyles(ForwardRef(Typography))>
            <WithStyles(ForwardRef(Typography))
              className="makeStyles-commendation-6"
            >
              Joe is one of those rare talents...
            </WithStyles(ForwardRef(Typography))>
          </Styled(MuiBox)>
        </Carousel>
      </div>
    </Styled(MuiBox)>
  </WithStyles(ForwardRef(Container))>
</section>
`;
