// Jest Snapshot v1, https://goo.gl/fbAQLP

exports[`Test component: featuresView. Renders correctly '<FeaturesView />' when content is loaded. 1`] = `
<section
  className="makeStyles-section-1"
>
  <WithStyles(ForwardRef(Container))
    maxWidth="lg"
  >
    <div
      data-aos="fade-up"
    >
      <Styled(MuiBox)
        py={8}
      >
        <Styled(MuiBox)
          mb={8}
        >
          <WithStyles(ForwardRef(Typography))
            align="center"
            color="primary"
            component="h3"
            gutterBottom={true}
            variant="button"
          >
            Technologies
          </WithStyles(ForwardRef(Typography))>
          <WithStyles(ForwardRef(Typography))
            align="center"
            component="h2"
            variant="h4"
          >
            I work primarily with
          </WithStyles(ForwardRef(Typography))>
        </Styled(MuiBox)>
        <WithStyles(ForwardRef(Grid))
          container={true}
          spacing={6}
        >
          <WithStyles(ForwardRef(Grid))
            item={true}
            sm={6}
            xs={12}
          >
            <Styled(MuiBox)
              alignItems="center"
              display="flex"
              mb={2}
            >
              <CodeIcon
                className="makeStyles-icon-2"
                color="primary"
              />
              <WithStyles(ForwardRef(Typography))
                component="h3"
                variant="h5"
              >
                Languages
              </WithStyles(ForwardRef(Typography))>
            </Styled(MuiBox)>
            <WithStyles(ForwardRef(Typography))
              color="textSecondary"
              component="p"
              variant="body1"
            >
              Today in my daily job, I use...
            </WithStyles(ForwardRef(Typography))>
          </WithStyles(ForwardRef(Grid))>
          <WithStyles(ForwardRef(Grid))
            item={true}
            sm={6}
            xs={12}
          >
            <Styled(MuiBox)
              alignItems="center"
              display="flex"
              mb={2}
            >
              <LibraryBooksIcon
                className="makeStyles-icon-2"
                color="primary"
              />
              <WithStyles(ForwardRef(Typography))
                component="h3"
                variant="h5"
              >
                Frameworks/Libraries
              </WithStyles(ForwardRef(Typography))>
            </Styled(MuiBox)>
            <WithStyles(ForwardRef(Typography))
              color="textSecondary"
              component="p"
              variant="body1"
            >
              Back-End: NET Framework 4.5 (for one project)...
            </WithStyles(ForwardRef(Typography))>
          </WithStyles(ForwardRef(Grid))>
          <WithStyles(ForwardRef(Grid))
            item={true}
            sm={6}
            xs={12}
          >
            <Styled(MuiBox)
              alignItems="center"
              display="flex"
              mb={2}
            >
              <StorageIcon
                className="makeStyles-icon-2"
                color="primary"
              />
              <WithStyles(ForwardRef(Typography))
                component="h3"
                variant="h5"
              >
                OR/M
              </WithStyles(ForwardRef(Typography))>
            </Styled(MuiBox)>
            <WithStyles(ForwardRef(Typography))
              color="textSecondary"
              component="p"
              variant="body1"
            >
              I have started with Entity Framework...
            </WithStyles(ForwardRef(Typography))>
          </WithStyles(ForwardRef(Grid))>
          <WithStyles(ForwardRef(Grid))
            item={true}
            sm={6}
            xs={12}
          >
            <Styled(MuiBox)
              alignItems="center"
              display="flex"
              mb={2}
            >
              <CloudIcon
                className="makeStyles-icon-2"
                color="primary"
              />
              <WithStyles(ForwardRef(Typography))
                component="h3"
                variant="h5"
              >
                Cloud Services
              </WithStyles(ForwardRef(Typography))>
            </Styled(MuiBox)>
            <WithStyles(ForwardRef(Typography))
              color="textSecondary"
              component="p"
              variant="body1"
            >
              I have experience with...
            </WithStyles(ForwardRef(Typography))>
          </WithStyles(ForwardRef(Grid))>
        </WithStyles(ForwardRef(Grid))>
      </Styled(MuiBox)>
    </div>
  </WithStyles(ForwardRef(Container))>
</section>
`;
