// Jest Snapshot v1, https://goo.gl/fbAQLP

exports[`Test component: featuresView. Renders correctly '<FeaturesView />' when content is loaded. 1`] = `
<section
  className="makeStyles-section-1"
>
  <WithStyles(ForwardRef(Container))
    maxWidth="lg"
  >
    <Styled(MuiBox)
      py={8}
    >
      <Styled(MuiBox)
        mb={8}
      >
        <div
          data-aos="fade-down"
        >
          <WithStyles(ForwardRef(Typography))
            className="makeStyles-caption_text-4"
          >
            TECHNOLOGIES
          </WithStyles(ForwardRef(Typography))>
        </div>
      </Styled(MuiBox)>
      <WithStyles(ForwardRef(Grid))
        container={true}
        spacing={6}
      >
        <WithStyles(ForwardRef(Grid))
          item={true}
          sm={6}
          xs={12}
        >
          <Styled(MuiBox)
            alignItems="center"
            data-aos="fade-up"
            display="flex"
            mb={2}
          >
            <Memo(ForwardRef(CodeIcon))
              className="makeStyles-icon-2"
            />
            <WithStyles(ForwardRef(Typography))
              className="makeStyles-feature_title-5"
            >
              Languages
            </WithStyles(ForwardRef(Typography))>
          </Styled(MuiBox)>
          <WithStyles(ForwardRef(Typography))
            className="makeStyles-feature_text-6"
            component="span"
            data-aos="fade-up"
          >
            <div
              dangerouslySetInnerHTML={
                Object {
                  "__html": "Today in my daily job, I use...",
                }
              }
            />
          </WithStyles(ForwardRef(Typography))>
        </WithStyles(ForwardRef(Grid))>
        <WithStyles(ForwardRef(Grid))
          item={true}
          sm={6}
          xs={12}
        >
          <Styled(MuiBox)
            alignItems="center"
            data-aos="fade-up"
            display="flex"
            mb={2}
          >
            <Memo(ForwardRef(LibraryBooksIcon))
              className="makeStyles-icon-2"
            />
            <WithStyles(ForwardRef(Typography))
              className="makeStyles-feature_title-5"
            >
              Frameworks/Libraries
            </WithStyles(ForwardRef(Typography))>
          </Styled(MuiBox)>
          <WithStyles(ForwardRef(Typography))
            className="makeStyles-feature_text-6"
            component="span"
            data-aos="fade-up"
          >
            <div
              dangerouslySetInnerHTML={
                Object {
                  "__html": "Back-End: NET Framework 4.5 (for one project)...",
                }
              }
            />
          </WithStyles(ForwardRef(Typography))>
        </WithStyles(ForwardRef(Grid))>
        <WithStyles(ForwardRef(Grid))
          item={true}
          sm={6}
          xs={12}
        >
          <Styled(MuiBox)
            alignItems="center"
            data-aos="fade-up"
            display="flex"
            mb={2}
          >
            <Memo(ForwardRef(StorageIcon))
              className="makeStyles-icon-2"
            />
            <WithStyles(ForwardRef(Typography))
              className="makeStyles-feature_title-5"
            >
              OR/M
            </WithStyles(ForwardRef(Typography))>
          </Styled(MuiBox)>
          <WithStyles(ForwardRef(Typography))
            className="makeStyles-feature_text-6"
            component="span"
            data-aos="fade-up"
          >
            <div
              dangerouslySetInnerHTML={
                Object {
                  "__html": "I have started with Entity Framework...",
                }
              }
            />
          </WithStyles(ForwardRef(Typography))>
        </WithStyles(ForwardRef(Grid))>
        <WithStyles(ForwardRef(Grid))
          item={true}
          sm={6}
          xs={12}
        >
          <Styled(MuiBox)
            alignItems="center"
            data-aos="fade-up"
            display="flex"
            mb={2}
          >
            <Memo(ForwardRef(CloudIcon))
              className="makeStyles-icon-2"
              color="primary"
            />
            <WithStyles(ForwardRef(Typography))
              className="makeStyles-feature_title-5"
            >
              Cloud Services
            </WithStyles(ForwardRef(Typography))>
          </Styled(MuiBox)>
          <WithStyles(ForwardRef(Typography))
            className="makeStyles-feature_text-6"
            component="span"
            data-aos="fade-up"
          >
            <div
              dangerouslySetInnerHTML={
                Object {
                  "__html": "I have experience with...",
                }
              }
            />
          </WithStyles(ForwardRef(Typography))>
        </WithStyles(ForwardRef(Grid))>
      </WithStyles(ForwardRef(Grid))>
    </Styled(MuiBox)>
  </WithStyles(ForwardRef(Container))>
</section>
`;
