// Jest Snapshot v1, https://goo.gl/fbAQLP

exports[`test component: technologiesView should render correctly '<TechnologiesView />' when content is loaded. 1`] = `
Object {
  "asFragment": [Function],
  "baseElement": <body>
    <div>
      <section>
        <div
          class="bulma-container"
        >
          <div
            class="py-6"
          >
            <div
              data-aos="fade-down"
              data-aos-delay="0"
            >
              <p
                class="is-size-3	has-text-centered has-text-link"
              >
                TECHNOLOGIES
              </p>
            </div>
            <div
              class="p-6"
            >
              <div
                class="bulma-columns"
              >
                <div
                  class="bulma-column"
                >
                  <div
                    class="is-flex is-align-items-center py-2"
                    data-aos="fade-up"
                    data-aos-delay="0"
                  >
                    <div>
                      <svg
                        class="is-flex is-align-self-center has-text-link is-flex is-align-self-center mr-2"
                        role="presentation"
                        style="width: 1.7999999999999998rem; height: 1.7999999999999998rem;"
                        viewBox="0 0 24 24"
                      >
                        <path
                          d="M8,3A2,2 0 0,0 6,5V9A2,2 0 0,1 4,11H3V13H4A2,2 0 0,1 6,15V19A2,2 0 0,0 8,21H10V19H8V14A2,2 0 0,0 6,12A2,2 0 0,0 8,10V5H10V3M16,3A2,2 0 0,1 18,5V9A2,2 0 0,0 20,11H21V13H20A2,2 0 0,0 18,15V19A2,2 0 0,1 16,21H14V19H16V14A2,2 0 0,1 18,12A2,2 0 0,1 16,10V5H14V3H16Z"
                          style="fill: currentColor;"
                        />
                      </svg>
                    </div>
                    <h3
                      class="is-size-4 py-5 has-text-black"
                    >
                      Languages
                    </h3>
                  </div>
                  <div
                    data-aos="fade-up"
                    data-aos-delay="0"
                  >
                    <h4
                      class="is-size-5 py-2 has-text-grey line-height-18"
                    >
                      Today in my daily job, I use...
                    </h4>
                  </div>
                </div>
                <div
                  class="bulma-column"
                >
                  <div
                    class="is-flex is-align-items-center py-2"
                    data-aos="fade-up"
                    data-aos-delay="0"
                  >
                    <div>
                      <svg
                        class="is-flex is-align-self-center has-text-link is-flex is-align-self-center mr-2"
                        role="presentation"
                        style="width: 1.7999999999999998rem; height: 1.7999999999999998rem;"
                        viewBox="0 0 24 24"
                      >
                        <path
                          d="M9 3V18H12V3H9M12 5L16 18L19 17L15 4L12 5M5 5V18H8V5H5M3 19V21H21V19H3Z"
                          style="fill: currentColor;"
                        />
                      </svg>
                    </div>
                    <h3
                      class="is-size-4 py-5 has-text-black"
                    >
                      Frameworks/Libraries
                    </h3>
                  </div>
                  <div
                    data-aos="fade-up"
                    data-aos-delay="0"
                  >
                    <h4
                      class="is-size-5 py-2 has-text-grey line-height-18"
                    >
                      Back-End: NET Framework 4.5 (for one project)...
                    </h4>
                  </div>
                </div>
              </div>
              <div
                class="bulma-columns"
              >
                <div
                  class="bulma-column"
                >
                  <div
                    class="is-flex is-align-items-center py-2"
                    data-aos="fade-up"
                    data-aos-delay="0"
                  >
                    <div>
                      <svg
                        class="is-flex is-align-self-center has-text-link is-flex is-align-self-center mr-2"
                        role="presentation"
                        style="width: 1.7999999999999998rem; height: 1.7999999999999998rem;"
                        viewBox="0 0 24 24"
                      >
                        <path
                          d="M4,1H20A1,1 0 0,1 21,2V6A1,1 0 0,1 20,7H4A1,1 0 0,1 3,6V2A1,1 0 0,1 4,1M4,9H20A1,1 0 0,1 21,10V14A1,1 0 0,1 20,15H4A1,1 0 0,1 3,14V10A1,1 0 0,1 4,9M4,17H20A1,1 0 0,1 21,18V22A1,1 0 0,1 20,23H4A1,1 0 0,1 3,22V18A1,1 0 0,1 4,17M9,5H10V3H9V5M9,13H10V11H9V13M9,21H10V19H9V21M5,3V5H7V3H5M5,11V13H7V11H5M5,19V21H7V19H5Z"
                          style="fill: currentColor;"
                        />
                      </svg>
                    </div>
                    <h3
                      class="is-size-4 py-5 has-text-black"
                    >
                      OR/M
                    </h3>
                  </div>
                  <div
                    data-aos="fade-up"
                    data-aos-delay="0"
                  >
                    <h4
                      class="is-size-5 py-2 has-text-grey line-height-18"
                    >
                      I have started with Entity Framework...
                    </h4>
                  </div>
                </div>
                <div
                  class="bulma-column"
                >
                  <div
                    class="is-flex is-align-items-center py-2"
                    data-aos="fade-up"
                    data-aos-delay="0"
                  >
                    <div>
                      <svg
                        class="is-flex is-align-self-center has-text-link is-flex is-align-self-center mr-2"
                        role="presentation"
                        style="width: 1.7999999999999998rem; height: 1.7999999999999998rem;"
                        viewBox="0 0 24 24"
                      >
                        <path
                          d="M6.5 20Q4.22 20 2.61 18.43 1 16.85 1 14.58 1 12.63 2.17 11.1 3.35 9.57 5.25 9.15 5.88 6.85 7.75 5.43 9.63 4 12 4 14.93 4 16.96 6.04 19 8.07 19 11 20.73 11.2 21.86 12.5 23 13.78 23 15.5 23 17.38 21.69 18.69 20.38 20 18.5 20Z"
                          style="fill: currentColor;"
                        />
                      </svg>
                    </div>
                    <h3
                      class="is-size-4 py-5 has-text-black"
                    >
                      Cloud Services
                    </h3>
                  </div>
                  <div
                    data-aos="fade-up"
                    data-aos-delay="0"
                  >
                    <h4
                      class="is-size-5 py-2 has-text-grey line-height-18"
                    >
                      I have experience with...
                    </h4>
                  </div>
                </div>
              </div>
            </div>
          </div>
        </div>
      </section>
    </div>
  </body>,
  "container": <div>
    <section>
      <div
        class="bulma-container"
      >
        <div
          class="py-6"
        >
          <div
            data-aos="fade-down"
            data-aos-delay="0"
          >
            <p
              class="is-size-3	has-text-centered has-text-link"
            >
              TECHNOLOGIES
            </p>
          </div>
          <div
            class="p-6"
          >
            <div
              class="bulma-columns"
            >
              <div
                class="bulma-column"
              >
                <div
                  class="is-flex is-align-items-center py-2"
                  data-aos="fade-up"
                  data-aos-delay="0"
                >
                  <div>
                    <svg
                      class="is-flex is-align-self-center has-text-link is-flex is-align-self-center mr-2"
                      role="presentation"
                      style="width: 1.7999999999999998rem; height: 1.7999999999999998rem;"
                      viewBox="0 0 24 24"
                    >
                      <path
                        d="M8,3A2,2 0 0,0 6,5V9A2,2 0 0,1 4,11H3V13H4A2,2 0 0,1 6,15V19A2,2 0 0,0 8,21H10V19H8V14A2,2 0 0,0 6,12A2,2 0 0,0 8,10V5H10V3M16,3A2,2 0 0,1 18,5V9A2,2 0 0,0 20,11H21V13H20A2,2 0 0,0 18,15V19A2,2 0 0,1 16,21H14V19H16V14A2,2 0 0,1 18,12A2,2 0 0,1 16,10V5H14V3H16Z"
                        style="fill: currentColor;"
                      />
                    </svg>
                  </div>
                  <h3
                    class="is-size-4 py-5 has-text-black"
                  >
                    Languages
                  </h3>
                </div>
                <div
                  data-aos="fade-up"
                  data-aos-delay="0"
                >
                  <h4
                    class="is-size-5 py-2 has-text-grey line-height-18"
                  >
                    Today in my daily job, I use...
                  </h4>
                </div>
              </div>
              <div
                class="bulma-column"
              >
                <div
                  class="is-flex is-align-items-center py-2"
                  data-aos="fade-up"
                  data-aos-delay="0"
                >
                  <div>
                    <svg
                      class="is-flex is-align-self-center has-text-link is-flex is-align-self-center mr-2"
                      role="presentation"
                      style="width: 1.7999999999999998rem; height: 1.7999999999999998rem;"
                      viewBox="0 0 24 24"
                    >
                      <path
                        d="M9 3V18H12V3H9M12 5L16 18L19 17L15 4L12 5M5 5V18H8V5H5M3 19V21H21V19H3Z"
                        style="fill: currentColor;"
                      />
                    </svg>
                  </div>
                  <h3
                    class="is-size-4 py-5 has-text-black"
                  >
                    Frameworks/Libraries
                  </h3>
                </div>
                <div
                  data-aos="fade-up"
                  data-aos-delay="0"
                >
                  <h4
                    class="is-size-5 py-2 has-text-grey line-height-18"
                  >
                    Back-End: NET Framework 4.5 (for one project)...
                  </h4>
                </div>
              </div>
            </div>
            <div
              class="bulma-columns"
            >
              <div
                class="bulma-column"
              >
                <div
                  class="is-flex is-align-items-center py-2"
                  data-aos="fade-up"
                  data-aos-delay="0"
                >
                  <div>
                    <svg
                      class="is-flex is-align-self-center has-text-link is-flex is-align-self-center mr-2"
                      role="presentation"
                      style="width: 1.7999999999999998rem; height: 1.7999999999999998rem;"
                      viewBox="0 0 24 24"
                    >
                      <path
                        d="M4,1H20A1,1 0 0,1 21,2V6A1,1 0 0,1 20,7H4A1,1 0 0,1 3,6V2A1,1 0 0,1 4,1M4,9H20A1,1 0 0,1 21,10V14A1,1 0 0,1 20,15H4A1,1 0 0,1 3,14V10A1,1 0 0,1 4,9M4,17H20A1,1 0 0,1 21,18V22A1,1 0 0,1 20,23H4A1,1 0 0,1 3,22V18A1,1 0 0,1 4,17M9,5H10V3H9V5M9,13H10V11H9V13M9,21H10V19H9V21M5,3V5H7V3H5M5,11V13H7V11H5M5,19V21H7V19H5Z"
                        style="fill: currentColor;"
                      />
                    </svg>
                  </div>
                  <h3
                    class="is-size-4 py-5 has-text-black"
                  >
                    OR/M
                  </h3>
                </div>
                <div
                  data-aos="fade-up"
                  data-aos-delay="0"
                >
                  <h4
                    class="is-size-5 py-2 has-text-grey line-height-18"
                  >
                    I have started with Entity Framework...
                  </h4>
                </div>
              </div>
              <div
                class="bulma-column"
              >
                <div
                  class="is-flex is-align-items-center py-2"
                  data-aos="fade-up"
                  data-aos-delay="0"
                >
                  <div>
                    <svg
                      class="is-flex is-align-self-center has-text-link is-flex is-align-self-center mr-2"
                      role="presentation"
                      style="width: 1.7999999999999998rem; height: 1.7999999999999998rem;"
                      viewBox="0 0 24 24"
                    >
                      <path
                        d="M6.5 20Q4.22 20 2.61 18.43 1 16.85 1 14.58 1 12.63 2.17 11.1 3.35 9.57 5.25 9.15 5.88 6.85 7.75 5.43 9.63 4 12 4 14.93 4 16.96 6.04 19 8.07 19 11 20.73 11.2 21.86 12.5 23 13.78 23 15.5 23 17.38 21.69 18.69 20.38 20 18.5 20Z"
                        style="fill: currentColor;"
                      />
                    </svg>
                  </div>
                  <h3
                    class="is-size-4 py-5 has-text-black"
                  >
                    Cloud Services
                  </h3>
                </div>
                <div
                  data-aos="fade-up"
                  data-aos-delay="0"
                >
                  <h4
                    class="is-size-5 py-2 has-text-grey line-height-18"
                  >
                    I have experience with...
                  </h4>
                </div>
              </div>
            </div>
          </div>
        </div>
      </div>
    </section>
  </div>,
  "debug": [Function],
  "findAllByAltText": [Function],
  "findAllByDisplayValue": [Function],
  "findAllByLabelText": [Function],
  "findAllByPlaceholderText": [Function],
  "findAllByRole": [Function],
  "findAllByTestId": [Function],
  "findAllByText": [Function],
  "findAllByTitle": [Function],
  "findByAltText": [Function],
  "findByDisplayValue": [Function],
  "findByLabelText": [Function],
  "findByPlaceholderText": [Function],
  "findByRole": [Function],
  "findByTestId": [Function],
  "findByText": [Function],
  "findByTitle": [Function],
  "getAllByAltText": [Function],
  "getAllByDisplayValue": [Function],
  "getAllByLabelText": [Function],
  "getAllByPlaceholderText": [Function],
  "getAllByRole": [Function],
  "getAllByTestId": [Function],
  "getAllByText": [Function],
  "getAllByTitle": [Function],
  "getByAltText": [Function],
  "getByDisplayValue": [Function],
  "getByLabelText": [Function],
  "getByPlaceholderText": [Function],
  "getByRole": [Function],
  "getByTestId": [Function],
  "getByText": [Function],
  "getByTitle": [Function],
  "queryAllByAltText": [Function],
  "queryAllByDisplayValue": [Function],
  "queryAllByLabelText": [Function],
  "queryAllByPlaceholderText": [Function],
  "queryAllByRole": [Function],
  "queryAllByTestId": [Function],
  "queryAllByText": [Function],
  "queryAllByTitle": [Function],
  "queryByAltText": [Function],
  "queryByDisplayValue": [Function],
  "queryByLabelText": [Function],
  "queryByPlaceholderText": [Function],
  "queryByRole": [Function],
  "queryByTestId": [Function],
  "queryByText": [Function],
  "queryByTitle": [Function],
  "rerender": [Function],
  "unmount": [Function],
}
`;
