// Jest Snapshot v1, https://goo.gl/fbAQLP

exports[`Test articles group component: articleCardView. Renders correctly '<ArticleCardView />' when content is loaded. 1`] = `
<div
  data-aos="fade-up"
>
  <WithStyles(ForwardRef(Card))
    className="makeStyles-root-1"
    elevation={4}
  >
    <WithStyles(ForwardRef(Grid))
      container={true}
      spacing={2}
    >
      <WithStyles(ForwardRef(Grid))
        item={true}
        xs={4}
      >
        <img
          alt=""
          className="makeStyles-image-3"
          src="/images/card.jpg"
        />
      </WithStyles(ForwardRef(Grid))>
      <WithStyles(ForwardRef(Grid))
        item={true}
        xs={8}
      >
        <WithStyles(ForwardRef(CardContent))>
          <WithStyles(ForwardRef(Typography))
            className="makeStyles-title-4"
            gutterBottom={true}
          >
            Article title
          </WithStyles(ForwardRef(Typography))>
          <WithStyles(ForwardRef(Typography))
            className="makeStyles-description-5"
          >
            Article short description
          </WithStyles(ForwardRef(Typography))>
        </WithStyles(ForwardRef(CardContent))>
        <WithStyles(ForwardRef(CardActions))>
          <WithStyles(ForwardRef(Button))
            className="makeStyles-button-6"
            onClick={[MockFunction]}
            size="small"
          >
            READ
          </WithStyles(ForwardRef(Button))>
        </WithStyles(ForwardRef(CardActions))>
      </WithStyles(ForwardRef(Grid))>
    </WithStyles(ForwardRef(Grid))>
  </WithStyles(ForwardRef(Card))>
</div>
`;
