// Jest Snapshot v1, https://goo.gl/fbAQLP

exports[`test render function 'getIcon' should render SVG icon based on input string. 1`] = `
<div>
  <span
    aria-hidden="true"
    class="material-icons MuiIcon-root"
  >
    person
  </span>
  <span
    aria-hidden="true"
    class="material-icons MuiIcon-root"
  >
    personadd
  </span>
  <span
    aria-hidden="true"
    class="material-icons MuiIcon-root"
  >
    home
  </span>
  <span
    aria-hidden="true"
    class="material-icons MuiIcon-root"
  >
    viewlist
  </span>
  <span
    aria-hidden="true"
    class="material-icons MuiIcon-root"
  >
    subject
  </span>
  <span
    aria-hidden="true"
    class="material-icons MuiIcon-root"
  >
    build
  </span>
  <span
    aria-hidden="true"
    class="material-icons MuiIcon-root"
  >
    assignment
  </span>
  <span
    aria-hidden="true"
    class="material-icons MuiIcon-root"
  >
    star
  </span>
  <span
    aria-hidden="true"
    class="material-icons MuiIcon-root"
  >
    photocamera
  </span>
  <span
    aria-hidden="true"
    class="material-icons MuiIcon-root"
  >
    sportssoccer
  </span>
  <span
    aria-hidden="true"
    class="material-icons MuiIcon-root"
  >
    musicnote
  </span>
  <span
    aria-hidden="true"
    class="material-icons MuiIcon-root"
  >
    directionsbike
  </span>
  <span
    aria-hidden="true"
    class="material-icons MuiIcon-root"
  >
    contactmail
  </span>
  <span
    aria-hidden="true"
    class="material-icons MuiIcon-root"
  >
    gavel
  </span>
  <span
    aria-hidden="true"
    class="material-icons MuiIcon-root"
  >
    policy
  </span>
  <span
    aria-hidden="true"
    class="material-icons MuiIcon-root"
  >
    vpnkey
  </span>
  <span
    aria-hidden="true"
    class="material-icons MuiIcon-root"
  >
    lock
  </span>
  <span
    aria-hidden="true"
    class="material-icons MuiIcon-root"
  >
    unknown element renders apple icon
  </span>
</div>
`;
