// Jest Snapshot v1, https://goo.gl/fbAQLP

exports[`Test render function 'getIcon'. Render SVG icon based on input string. 1`] = `
<div>
  <GetIcon
    iconName="Person"
    key="0"
  />
  <GetIcon
    iconName="PersonAdd"
    key="1"
  />
  <GetIcon
    iconName="Home"
    key="2"
  />
  <GetIcon
    iconName="ViewList"
    key="3"
  />
  <GetIcon
    iconName="Subject"
    key="4"
  />
  <GetIcon
    iconName="Build"
    key="5"
  />
  <GetIcon
    iconName="Assignment"
    key="6"
  />
  <GetIcon
    iconName="Star"
    key="7"
  />
  <GetIcon
    iconName="PhotoCamera"
    key="8"
  />
  <GetIcon
    iconName="SportsSoccer"
    key="9"
  />
  <GetIcon
    iconName="MusicNote"
    key="10"
  />
  <GetIcon
    iconName="DirectionsBike"
    key="11"
  />
  <GetIcon
    iconName="ContactMail"
    key="12"
  />
  <GetIcon
    iconName="Gavel"
    key="13"
  />
  <GetIcon
    iconName="Policy"
    key="14"
  />
  <GetIcon
    iconName="VpnKey"
    key="15"
  />
  <GetIcon
    iconName="Lock"
    key="16"
  />
  <GetIcon
    iconName="Unknown element renders apple icon"
    key="17"
  />
</div>
`;
