// Jest Snapshot v1, https://goo.gl/fbAQLP

exports[`test articles group component: ArticleListView should render correctly '<ArticleListView />' when content is loaded. 1`] = `
Object {
  "asFragment": [Function],
  "baseElement": <body>
    <div>
      <section
        class="section"
      >
        <div
          class="MuiContainer-root container MuiContainer-maxWidthLg"
        >
          <div
            style="padding-top: 0px; padding-bottom: 64px;"
          >
            <div
              class="MuiGrid-root MuiGrid-container MuiGrid-justify-content-xs-center"
            >
              <div
                class="MuiGrid-root MuiGrid-item MuiGrid-grid-xs-12 MuiGrid-grid-sm-12"
              >
                <div
                  data-aos="fade-up"
                >
                  <div
                    class="MuiPaper-root MuiCard-root article-card MuiPaper-elevation0 MuiPaper-rounded"
                  >
                    <div
                      class="MuiCardMedia-root article-card-image"
                      style="background-image: url(http://localhost:5000/api/v1/content/assets/getArticleAsset?id=8919332f-6654-4346-946f-5204cb7a3234&assetName=image.webp);"
                    >
                      <img
                        alt="image of eng.png"
                        class="article-flag-image"
                        src="http://localhost:5000/api/v1/content/assets/getNonVideoAsset?blobName=images/flags/eng.png"
                      />
                    </div>
                    <div
                      class="MuiCardContent-root"
                    >
                      <p
                        class="MuiTypography-root article-card-title MuiTypography-body1 MuiTypography-gutterBottom"
                      >
                        Test article
                      </p>
                      <p
                        class="MuiTypography-root article-card-description MuiTypography-body1"
                      >
                        Some article
                      </p>
                      <div
                        class="MuiCardActions-root article-card-action MuiCardActions-spacing"
                      >
                        <button
                          class="MuiButtonBase-root MuiButton-root MuiButton-text button article-button article-card-button MuiButton-textSizeSmall MuiButton-sizeSmall"
                          tabindex="0"
                          type="button"
                        >
                          <span
                            class="MuiButton-label"
                          />
                          <span
                            class="MuiTouchRipple-root"
                          />
                        </button>
                      </div>
                    </div>
                  </div>
                </div>
              </div>
            </div>
          </div>
        </div>
      </section>
    </div>
  </body>,
  "container": <div>
    <section
      class="section"
    >
      <div
        class="MuiContainer-root container MuiContainer-maxWidthLg"
      >
        <div
          style="padding-top: 0px; padding-bottom: 64px;"
        >
          <div
            class="MuiGrid-root MuiGrid-container MuiGrid-justify-content-xs-center"
          >
            <div
              class="MuiGrid-root MuiGrid-item MuiGrid-grid-xs-12 MuiGrid-grid-sm-12"
            >
              <div
                data-aos="fade-up"
              >
                <div
                  class="MuiPaper-root MuiCard-root article-card MuiPaper-elevation0 MuiPaper-rounded"
                >
                  <div
                    class="MuiCardMedia-root article-card-image"
                    style="background-image: url(http://localhost:5000/api/v1/content/assets/getArticleAsset?id=8919332f-6654-4346-946f-5204cb7a3234&assetName=image.webp);"
                  >
                    <img
                      alt="image of eng.png"
                      class="article-flag-image"
                      src="http://localhost:5000/api/v1/content/assets/getNonVideoAsset?blobName=images/flags/eng.png"
                    />
                  </div>
                  <div
                    class="MuiCardContent-root"
                  >
                    <p
                      class="MuiTypography-root article-card-title MuiTypography-body1 MuiTypography-gutterBottom"
                    >
                      Test article
                    </p>
                    <p
                      class="MuiTypography-root article-card-description MuiTypography-body1"
                    >
                      Some article
                    </p>
                    <div
                      class="MuiCardActions-root article-card-action MuiCardActions-spacing"
                    >
                      <button
                        class="MuiButtonBase-root MuiButton-root MuiButton-text button article-button article-card-button MuiButton-textSizeSmall MuiButton-sizeSmall"
                        tabindex="0"
                        type="button"
                      >
                        <span
                          class="MuiButton-label"
                        />
                        <span
                          class="MuiTouchRipple-root"
                        />
                      </button>
                    </div>
                  </div>
                </div>
              </div>
            </div>
          </div>
        </div>
      </div>
    </section>
  </div>,
  "debug": [Function],
  "findAllByAltText": [Function],
  "findAllByDisplayValue": [Function],
  "findAllByLabelText": [Function],
  "findAllByPlaceholderText": [Function],
  "findAllByRole": [Function],
  "findAllByTestId": [Function],
  "findAllByText": [Function],
  "findAllByTitle": [Function],
  "findByAltText": [Function],
  "findByDisplayValue": [Function],
  "findByLabelText": [Function],
  "findByPlaceholderText": [Function],
  "findByRole": [Function],
  "findByTestId": [Function],
  "findByText": [Function],
  "findByTitle": [Function],
  "getAllByAltText": [Function],
  "getAllByDisplayValue": [Function],
  "getAllByLabelText": [Function],
  "getAllByPlaceholderText": [Function],
  "getAllByRole": [Function],
  "getAllByTestId": [Function],
  "getAllByText": [Function],
  "getAllByTitle": [Function],
  "getByAltText": [Function],
  "getByDisplayValue": [Function],
  "getByLabelText": [Function],
  "getByPlaceholderText": [Function],
  "getByRole": [Function],
  "getByTestId": [Function],
  "getByText": [Function],
  "getByTitle": [Function],
  "queryAllByAltText": [Function],
  "queryAllByDisplayValue": [Function],
  "queryAllByLabelText": [Function],
  "queryAllByPlaceholderText": [Function],
  "queryAllByRole": [Function],
  "queryAllByTestId": [Function],
  "queryAllByText": [Function],
  "queryAllByTitle": [Function],
  "queryByAltText": [Function],
  "queryByDisplayValue": [Function],
  "queryByLabelText": [Function],
  "queryByPlaceholderText": [Function],
  "queryByRole": [Function],
  "queryByTestId": [Function],
  "queryByText": [Function],
  "queryByTitle": [Function],
  "rerender": [Function],
  "unmount": [Function],
}
`;
