// Jest Snapshot v1, https://goo.gl/fbAQLP

exports[`Test articles group component: ArticleListView. Renders correctly '<ArticleListView />' when content is loaded. 1`] = `
<section
  className="makeStyles-section-1"
>
  <WithStyles(ForwardRef(Container))
    className="makeStyles-container-2"
  >
    <Styled(MuiBox)
      pb={8}
      pt={12}
    >
      <div
        data-aos="fade-down"
      >
        <Link
          to="/"
        >
          <WithStyles(ForwardRef(IconButton))>
            <Memo(ForwardRef(ArrowBackIcon)) />
          </WithStyles(ForwardRef(IconButton))>
        </Link>
        <WithStyles(ForwardRef(Divider))
          className="makeStyles-divider-3"
        />
      </div>
      <WithStyles(ForwardRef(Grid))
        container={true}
        justifyContent="center"
      >
        <WithStyles(ForwardRef(Grid))
          item={true}
          sm={12}
          xs={12}
        >
          <RenderContent
            articles={
              Array [
                Object {
                  "author": Object {
                    "aliasName": "Ester",
                    "avatarName": "default.jpg",
                    "firstName": "Ester",
                    "lastName": "Exposito",
                    "registered": "2020-01-05 14:15:30",
                    "shortBio": "Happy developer",
                  },
                  "createdAt": "2020-09-21",
                  "description": "Some article",
                  "id": "8919332f-6654-4346-946f-5204cb7a3234",
                  "isPublished": false,
                  "likeCount": 0,
                  "readCount": 0,
                  "text": Array [
                    Object {
                      "id": "5b30be71-0e68-4be4-bd29-7f40fe130414",
                      "prop": "",
                      "text": "",
                      "type": "html",
                      "value": "<p>One line text</p>",
                    },
                  ],
                  "title": "Test article",
                  "updatedAt": "2020-12-05",
                  "userLikes": 0,
                },
              ]
            }
          />
        </WithStyles(ForwardRef(Grid))>
      </WithStyles(ForwardRef(Grid))>
    </Styled(MuiBox)>
  </WithStyles(ForwardRef(Container))>
</section>
`;
